ARM Linker, RVCT4.0 [Build 524] for uVision [Professional]

==============================================================================

Section Cross References

    stm32f10x_it.o(i.SysTick_Handler) refers to main.o(i.TimingDelay_Decrement) for TimingDelay_Decrement
    main.o(i.Delay) refers to main.o(.data) for .data
    main.o(i.TimingDelay_Decrement) refers to main.o(.data) for .data
    main.o(i.main) refers to misc.o(i.NVIC_SetVectorTable) for NVIC_SetVectorTable
    main.o(i.main) refers to stm32_eval.o(i.STM_EVAL_LEDInit) for STM_EVAL_LEDInit
    main.o(i.main) refers to stm32f10x_rcc.o(i.RCC_GetClocksFreq) for RCC_GetClocksFreq
    main.o(i.main) refers to stm32_eval.o(i.STM_EVAL_PBInit) for STM_EVAL_PBInit
    main.o(i.main) refers to stm3210e_eval_lcd.o(i.STM3210E_LCD_Init) for STM3210E_LCD_Init
    main.o(i.main) refers to stm3210e_eval_lcd.o(i.LCD_Clear) for LCD_Clear
    main.o(i.main) refers to stm3210e_eval_lcd.o(i.LCD_SetBackColor) for LCD_SetBackColor
    main.o(i.main) refers to stm3210e_eval_lcd.o(i.LCD_SetTextColor) for LCD_SetTextColor
    main.o(i.main) refers to stm3210e_eval_lcd.o(i.LCD_GetFont) for LCD_GetFont
    main.o(i.main) refers to stm3210e_eval_lcd.o(i.LCD_DisplayStringLine) for LCD_DisplayStringLine
    main.o(i.main) refers to stm3210e_eval_lcd.o(i.LCD_SetFont) for LCD_SetFont
    main.o(i.main) refers to stm32_eval.o(i.STM_EVAL_LEDOn) for STM_EVAL_LEDOn
    main.o(i.main) refers to stm32_eval.o(i.STM_EVAL_PBGetState) for STM_EVAL_PBGetState
    main.o(i.main) refers to stm32f10x_flash.o(i.FLASH_Unlock) for FLASH_Unlock
    main.o(i.main) refers to stm32f10x_flash.o(i.FLASH_EraseOptionBytes) for FLASH_EraseOptionBytes
    main.o(i.main) refers to stm32f10x_flash.o(i.FLASH_BootConfig) for FLASH_BootConfig
    main.o(i.main) refers to main.o(i.NVIC_SystemReset) for NVIC_SystemReset
    main.o(i.main) refers to stm32f10x_flash.o(i.FLASH_ProgramWord) for FLASH_ProgramWord
    main.o(i.main) refers to stm32f10x_flash.o(i.FLASH_Lock) for FLASH_Lock
    main.o(i.main) refers to stm3210e_eval_lcd.o(i.LCD_ClearLine) for LCD_ClearLine
    main.o(i.main) refers to stm32_eval.o(i.STM_EVAL_LEDToggle) for STM_EVAL_LEDToggle
    main.o(i.main) refers to main.o(i.Delay) for Delay
    main.o(i.main) refers to main.o(.bss) for .bss
    main.o(i.main) refers to stm3210e_eval_lcd.o(.data) for Font12x12
    main.o(i.main) refers to stm3210e_eval_lcd.o(.data) for Font16x24
    stm32f10x_rcc.o(i.RCC_GetClocksFreq) refers to stm32f10x_rcc.o(.data) for .data
    stm32f10x_rcc.o(i.RCC_WaitForHSEStartUp) refers to stm32f10x_rcc.o(i.RCC_GetFlagStatus) for RCC_GetFlagStatus
    stm32f10x_gpio.o(i.GPIO_AFIODeInit) refers to stm32f10x_rcc.o(i.RCC_APB2PeriphResetCmd) for RCC_APB2PeriphResetCmd
    stm32f10x_gpio.o(i.GPIO_DeInit) refers to stm32f10x_rcc.o(i.RCC_APB2PeriphResetCmd) for RCC_APB2PeriphResetCmd
    stm32f10x_spi.o(i.I2S_Init) refers to stm32f10x_rcc.o(i.RCC_GetClocksFreq) for RCC_GetClocksFreq
    stm32f10x_spi.o(i.SPI_I2S_DeInit) refers to stm32f10x_rcc.o(i.RCC_APB2PeriphResetCmd) for RCC_APB2PeriphResetCmd
    stm32f10x_spi.o(i.SPI_I2S_DeInit) refers to stm32f10x_rcc.o(i.RCC_APB1PeriphResetCmd) for RCC_APB1PeriphResetCmd
    stm32f10x_usart.o(i.USART_DeInit) refers to stm32f10x_rcc.o(i.RCC_APB2PeriphResetCmd) for RCC_APB2PeriphResetCmd
    stm32f10x_usart.o(i.USART_DeInit) refers to stm32f10x_rcc.o(i.RCC_APB1PeriphResetCmd) for RCC_APB1PeriphResetCmd
    stm32f10x_usart.o(i.USART_Init) refers to stm32f10x_rcc.o(i.RCC_GetClocksFreq) for RCC_GetClocksFreq
    stm32f10x_i2c.o(i.I2C_DeInit) refers to stm32f10x_rcc.o(i.RCC_APB1PeriphResetCmd) for RCC_APB1PeriphResetCmd
    stm32f10x_i2c.o(i.I2C_Init) refers to stm32f10x_rcc.o(i.RCC_GetClocksFreq) for RCC_GetClocksFreq
    stm32f10x_flash.o(i.FLASH_BootConfig) refers to stm32f10x_flash.o(i.FLASH_WaitForLastOperation) for FLASH_WaitForLastOperation
    stm32f10x_flash.o(i.FLASH_EnableWriteProtection) refers to stm32f10x_flash.o(i.FLASH_WaitForLastOperation) for FLASH_WaitForLastOperation
    stm32f10x_flash.o(i.FLASH_EraseAllBank1Pages) refers to stm32f10x_flash.o(i.FLASH_WaitForLastBank1Operation) for FLASH_WaitForLastBank1Operation
    stm32f10x_flash.o(i.FLASH_EraseAllBank2Pages) refers to stm32f10x_flash.o(i.FLASH_WaitForLastBank2Operation) for FLASH_WaitForLastBank2Operation
    stm32f10x_flash.o(i.FLASH_EraseAllPages) refers to stm32f10x_flash.o(i.FLASH_WaitForLastBank1Operation) for FLASH_WaitForLastBank1Operation
    stm32f10x_flash.o(i.FLASH_EraseAllPages) refers to stm32f10x_flash.o(i.FLASH_WaitForLastBank2Operation) for FLASH_WaitForLastBank2Operation
    stm32f10x_flash.o(i.FLASH_EraseOptionBytes) refers to stm32f10x_flash.o(i.FLASH_GetReadOutProtectionStatus) for FLASH_GetReadOutProtectionStatus
    stm32f10x_flash.o(i.FLASH_EraseOptionBytes) refers to stm32f10x_flash.o(i.FLASH_WaitForLastOperation) for FLASH_WaitForLastOperation
    stm32f10x_flash.o(i.FLASH_ErasePage) refers to stm32f10x_flash.o(i.FLASH_WaitForLastBank1Operation) for FLASH_WaitForLastBank1Operation
    stm32f10x_flash.o(i.FLASH_ErasePage) refers to stm32f10x_flash.o(i.FLASH_WaitForLastBank2Operation) for FLASH_WaitForLastBank2Operation
    stm32f10x_flash.o(i.FLASH_ProgramHalfWord) refers to stm32f10x_flash.o(i.FLASH_WaitForLastOperation) for FLASH_WaitForLastOperation
    stm32f10x_flash.o(i.FLASH_ProgramHalfWord) refers to stm32f10x_flash.o(i.FLASH_WaitForLastBank1Operation) for FLASH_WaitForLastBank1Operation
    stm32f10x_flash.o(i.FLASH_ProgramHalfWord) refers to stm32f10x_flash.o(i.FLASH_WaitForLastBank2Operation) for FLASH_WaitForLastBank2Operation
    stm32f10x_flash.o(i.FLASH_ProgramOptionByteData) refers to stm32f10x_flash.o(i.FLASH_WaitForLastOperation) for FLASH_WaitForLastOperation
    stm32f10x_flash.o(i.FLASH_ProgramWord) refers to stm32f10x_flash.o(i.FLASH_WaitForLastBank1Operation) for FLASH_WaitForLastBank1Operation
    stm32f10x_flash.o(i.FLASH_ProgramWord) refers to stm32f10x_flash.o(i.FLASH_WaitForLastOperation) for FLASH_WaitForLastOperation
    stm32f10x_flash.o(i.FLASH_ProgramWord) refers to stm32f10x_flash.o(i.FLASH_WaitForLastBank2Operation) for FLASH_WaitForLastBank2Operation
    stm32f10x_flash.o(i.FLASH_ReadOutProtection) refers to stm32f10x_flash.o(i.FLASH_WaitForLastOperation) for FLASH_WaitForLastOperation
    stm32f10x_flash.o(i.FLASH_UserOptionByteConfig) refers to stm32f10x_flash.o(i.FLASH_WaitForLastOperation) for FLASH_WaitForLastOperation
    stm32f10x_flash.o(i.FLASH_WaitForLastBank1Operation) refers to stm32f10x_flash.o(i.FLASH_GetBank1Status) for FLASH_GetBank1Status
    stm32f10x_flash.o(i.FLASH_WaitForLastBank2Operation) refers to stm32f10x_flash.o(i.FLASH_GetBank2Status) for FLASH_GetBank2Status
    stm32f10x_flash.o(i.FLASH_WaitForLastOperation) refers to stm32f10x_flash.o(i.FLASH_GetBank1Status) for FLASH_GetBank1Status
    system_stm32f10x.o(i.SystemCoreClockUpdate) refers to system_stm32f10x.o(.data) for .data
    system_stm32f10x.o(i.SystemInit) refers to system_stm32f10x.o(i.SetSysClockTo72) for SetSysClockTo72
    stm32_eval.o(i.LM75_LowLevel_DeInit) refers to stm32f10x_i2c.o(i.I2C_Cmd) for I2C_Cmd
    stm32_eval.o(i.LM75_LowLevel_DeInit) refers to stm32f10x_i2c.o(i.I2C_DeInit) for I2C_DeInit
    stm32_eval.o(i.LM75_LowLevel_DeInit) refers to stm32f10x_rcc.o(i.RCC_APB1PeriphClockCmd) for RCC_APB1PeriphClockCmd
    stm32_eval.o(i.LM75_LowLevel_DeInit) refers to stm32f10x_gpio.o(i.GPIO_Init) for GPIO_Init
    stm32_eval.o(i.LM75_LowLevel_Init) refers to stm32f10x_rcc.o(i.RCC_APB1PeriphClockCmd) for RCC_APB1PeriphClockCmd
    stm32_eval.o(i.LM75_LowLevel_Init) refers to stm32f10x_rcc.o(i.RCC_APB2PeriphClockCmd) for RCC_APB2PeriphClockCmd
    stm32_eval.o(i.LM75_LowLevel_Init) refers to stm32f10x_gpio.o(i.GPIO_Init) for GPIO_Init
    stm32_eval.o(i.SD_LowLevel_DMA_RxConfig) refers to stm32f10x_dma.o(i.DMA_ClearFlag) for DMA_ClearFlag
    stm32_eval.o(i.SD_LowLevel_DMA_RxConfig) refers to stm32f10x_dma.o(i.DMA_Cmd) for DMA_Cmd
    stm32_eval.o(i.SD_LowLevel_DMA_RxConfig) refers to stm32f10x_dma.o(i.DMA_Init) for DMA_Init
    stm32_eval.o(i.SD_LowLevel_DMA_TxConfig) refers to stm32f10x_dma.o(i.DMA_ClearFlag) for DMA_ClearFlag
    stm32_eval.o(i.SD_LowLevel_DMA_TxConfig) refers to stm32f10x_dma.o(i.DMA_Cmd) for DMA_Cmd
    stm32_eval.o(i.SD_LowLevel_DMA_TxConfig) refers to stm32f10x_dma.o(i.DMA_Init) for DMA_Init
    stm32_eval.o(i.SD_LowLevel_DeInit) refers to stm32f10x_sdio.o(i.SDIO_ClockCmd) for SDIO_ClockCmd
    stm32_eval.o(i.SD_LowLevel_DeInit) refers to stm32f10x_sdio.o(i.SDIO_SetPowerState) for SDIO_SetPowerState
    stm32_eval.o(i.SD_LowLevel_DeInit) refers to stm32f10x_sdio.o(i.SDIO_DeInit) for SDIO_DeInit
    stm32_eval.o(i.SD_LowLevel_DeInit) refers to stm32f10x_rcc.o(i.RCC_AHBPeriphClockCmd) for RCC_AHBPeriphClockCmd
    stm32_eval.o(i.SD_LowLevel_DeInit) refers to stm32f10x_gpio.o(i.GPIO_Init) for GPIO_Init
    stm32_eval.o(i.SD_LowLevel_Init) refers to stm32f10x_rcc.o(i.RCC_APB2PeriphClockCmd) for RCC_APB2PeriphClockCmd
    stm32_eval.o(i.SD_LowLevel_Init) refers to stm32f10x_gpio.o(i.GPIO_Init) for GPIO_Init
    stm32_eval.o(i.SD_LowLevel_Init) refers to stm32f10x_rcc.o(i.RCC_AHBPeriphClockCmd) for RCC_AHBPeriphClockCmd
    stm32_eval.o(i.SD_WaitForDMAEndOfTransfer) refers to stm32f10x_dma.o(i.DMA_GetFlagStatus) for DMA_GetFlagStatus
    stm32_eval.o(i.STM_EVAL_COMInit) refers to stm32f10x_rcc.o(i.RCC_APB2PeriphClockCmd) for RCC_APB2PeriphClockCmd
    stm32_eval.o(i.STM_EVAL_COMInit) refers to stm32f10x_rcc.o(i.RCC_APB1PeriphClockCmd) for RCC_APB1PeriphClockCmd
    stm32_eval.o(i.STM_EVAL_COMInit) refers to stm32f10x_gpio.o(i.GPIO_Init) for GPIO_Init
    stm32_eval.o(i.STM_EVAL_COMInit) refers to stm32f10x_usart.o(i.USART_Init) for USART_Init
    stm32_eval.o(i.STM_EVAL_COMInit) refers to stm32f10x_usart.o(i.USART_Cmd) for USART_Cmd
    stm32_eval.o(i.STM_EVAL_COMInit) refers to stm32_eval.o(.constdata) for .constdata
    stm32_eval.o(i.STM_EVAL_COMInit) refers to stm32_eval.o(.data) for .data
    stm32_eval.o(i.STM_EVAL_LEDInit) refers to stm32f10x_rcc.o(i.RCC_APB2PeriphClockCmd) for RCC_APB2PeriphClockCmd
    stm32_eval.o(i.STM_EVAL_LEDInit) refers to stm32f10x_gpio.o(i.GPIO_Init) for GPIO_Init
    stm32_eval.o(i.STM_EVAL_LEDInit) refers to stm32_eval.o(.constdata) for .constdata
    stm32_eval.o(i.STM_EVAL_LEDInit) refers to stm32_eval.o(.data) for .data
    stm32_eval.o(i.STM_EVAL_LEDOff) refers to stm32_eval.o(.constdata) for .constdata
    stm32_eval.o(i.STM_EVAL_LEDOff) refers to stm32_eval.o(.data) for .data
    stm32_eval.o(i.STM_EVAL_LEDOn) refers to stm32_eval.o(.constdata) for .constdata
    stm32_eval.o(i.STM_EVAL_LEDOn) refers to stm32_eval.o(.data) for .data
    stm32_eval.o(i.STM_EVAL_LEDToggle) refers to stm32_eval.o(.data) for .data
    stm32_eval.o(i.STM_EVAL_LEDToggle) refers to stm32_eval.o(.constdata) for .constdata
    stm32_eval.o(i.STM_EVAL_PBGetState) refers to stm32f10x_gpio.o(i.GPIO_ReadInputDataBit) for GPIO_ReadInputDataBit
    stm32_eval.o(i.STM_EVAL_PBGetState) refers to stm32_eval.o(.constdata) for .constdata
    stm32_eval.o(i.STM_EVAL_PBGetState) refers to stm32_eval.o(.data) for .data
    stm32_eval.o(i.STM_EVAL_PBInit) refers to stm32f10x_rcc.o(i.RCC_APB2PeriphClockCmd) for RCC_APB2PeriphClockCmd
    stm32_eval.o(i.STM_EVAL_PBInit) refers to stm32f10x_gpio.o(i.GPIO_Init) for GPIO_Init
    stm32_eval.o(i.STM_EVAL_PBInit) refers to stm32f10x_gpio.o(i.GPIO_EXTILineConfig) for GPIO_EXTILineConfig
    stm32_eval.o(i.STM_EVAL_PBInit) refers to stm32f10x_exti.o(i.EXTI_Init) for EXTI_Init
    stm32_eval.o(i.STM_EVAL_PBInit) refers to misc.o(i.NVIC_Init) for NVIC_Init
    stm32_eval.o(i.STM_EVAL_PBInit) refers to stm32_eval.o(.constdata) for .constdata
    stm32_eval.o(i.STM_EVAL_PBInit) refers to stm32_eval.o(.data) for .data
    stm32_eval.o(i.sFLASH_LowLevel_DeInit) refers to stm32f10x_spi.o(i.SPI_Cmd) for SPI_Cmd
    stm32_eval.o(i.sFLASH_LowLevel_DeInit) refers to stm32f10x_spi.o(i.SPI_I2S_DeInit) for SPI_I2S_DeInit
    stm32_eval.o(i.sFLASH_LowLevel_DeInit) refers to stm32f10x_rcc.o(i.RCC_APB2PeriphClockCmd) for RCC_APB2PeriphClockCmd
    stm32_eval.o(i.sFLASH_LowLevel_DeInit) refers to stm32f10x_gpio.o(i.GPIO_Init) for GPIO_Init
    stm32_eval.o(i.sFLASH_LowLevel_Init) refers to stm32f10x_rcc.o(i.RCC_APB2PeriphClockCmd) for RCC_APB2PeriphClockCmd
    stm32_eval.o(i.sFLASH_LowLevel_Init) refers to stm32f10x_gpio.o(i.GPIO_Init) for GPIO_Init
    stm3210e_eval_lcd.o(i.LCD_Clear) refers to stm3210e_eval_lcd.o(i.LCD_SetCursor) for LCD_SetCursor
    stm3210e_eval_lcd.o(i.LCD_ClearLine) refers to stm3210e_eval_lcd.o(i.LCD_DisplayChar) for LCD_DisplayChar
    stm3210e_eval_lcd.o(i.LCD_ClearLine) refers to stm3210e_eval_lcd.o(.data) for .data
    stm3210e_eval_lcd.o(i.LCD_ClosedPolyLine) refers to stm3210e_eval_lcd.o(i.LCD_PolyLine) for LCD_PolyLine
    stm3210e_eval_lcd.o(i.LCD_ClosedPolyLine) refers to stm3210e_eval_lcd.o(i.LCD_DrawUniLine) for LCD_DrawUniLine
    stm3210e_eval_lcd.o(i.LCD_ClosedPolyLineRelative) refers to stm3210e_eval_lcd.o(i.LCD_PolyLineRelativeClosed) for LCD_PolyLineRelativeClosed
    stm3210e_eval_lcd.o(i.LCD_CtrlLinesConfig) refers to stm32f10x_rcc.o(i.RCC_AHBPeriphClockCmd) for RCC_AHBPeriphClockCmd
    stm3210e_eval_lcd.o(i.LCD_CtrlLinesConfig) refers to stm32f10x_rcc.o(i.RCC_APB2PeriphClockCmd) for RCC_APB2PeriphClockCmd
    stm3210e_eval_lcd.o(i.LCD_CtrlLinesConfig) refers to stm32f10x_gpio.o(i.GPIO_Init) for GPIO_Init
    stm3210e_eval_lcd.o(i.LCD_DeInit) refers to stm3210e_eval_lcd.o(i.LCD_DisplayOff) for LCD_DisplayOff
    stm3210e_eval_lcd.o(i.LCD_DeInit) refers to stm32f10x_fsmc.o(i.FSMC_NORSRAMCmd) for FSMC_NORSRAMCmd
    stm3210e_eval_lcd.o(i.LCD_DeInit) refers to stm32f10x_fsmc.o(i.FSMC_NORSRAMDeInit) for FSMC_NORSRAMDeInit
    stm3210e_eval_lcd.o(i.LCD_DeInit) refers to stm32f10x_gpio.o(i.GPIO_Init) for GPIO_Init
    stm3210e_eval_lcd.o(i.LCD_DisplayChar) refers to stm3210e_eval_lcd.o(i.LCD_DrawChar) for LCD_DrawChar
    stm3210e_eval_lcd.o(i.LCD_DisplayChar) refers to stm3210e_eval_lcd.o(.data) for .data
    stm3210e_eval_lcd.o(i.LCD_DisplayStringLine) refers to stm3210e_eval_lcd.o(i.LCD_DisplayChar) for LCD_DisplayChar
    stm3210e_eval_lcd.o(i.LCD_DisplayStringLine) refers to stm3210e_eval_lcd.o(.data) for .data
    stm3210e_eval_lcd.o(i.LCD_DrawChar) refers to stm3210e_eval_lcd.o(i.LCD_SetCursor) for LCD_SetCursor
    stm3210e_eval_lcd.o(i.LCD_DrawChar) refers to stm3210e_eval_lcd.o(.data) for .data
    stm3210e_eval_lcd.o(i.LCD_DrawCircle) refers to stm3210e_eval_lcd.o(i.LCD_SetCursor) for LCD_SetCursor
    stm3210e_eval_lcd.o(i.LCD_DrawCircle) refers to stm3210e_eval_lcd.o(.data) for .data
    stm3210e_eval_lcd.o(i.LCD_DrawFullCircle) refers to stm3210e_eval_lcd.o(i.LCD_DrawLine) for LCD_DrawLine
    stm3210e_eval_lcd.o(i.LCD_DrawFullCircle) refers to stm3210e_eval_lcd.o(i.LCD_DrawCircle) for LCD_DrawCircle
    stm3210e_eval_lcd.o(i.LCD_DrawFullCircle) refers to stm3210e_eval_lcd.o(.data) for .data
    stm3210e_eval_lcd.o(i.LCD_DrawFullRect) refers to stm3210e_eval_lcd.o(i.LCD_DrawLine) for LCD_DrawLine
    stm3210e_eval_lcd.o(i.LCD_DrawFullRect) refers to stm3210e_eval_lcd.o(.data) for .data
    stm3210e_eval_lcd.o(i.LCD_DrawLine) refers to stm3210e_eval_lcd.o(i.LCD_SetCursor) for LCD_SetCursor
    stm3210e_eval_lcd.o(i.LCD_DrawLine) refers to stm3210e_eval_lcd.o(.data) for .data
    stm3210e_eval_lcd.o(i.LCD_DrawMonoPict) refers to stm3210e_eval_lcd.o(i.LCD_SetCursor) for LCD_SetCursor
    stm3210e_eval_lcd.o(i.LCD_DrawMonoPict) refers to stm3210e_eval_lcd.o(.data) for .data
    stm3210e_eval_lcd.o(i.LCD_DrawRect) refers to stm3210e_eval_lcd.o(i.LCD_DrawLine) for LCD_DrawLine
    stm3210e_eval_lcd.o(i.LCD_DrawUniLine) refers to stm3210e_eval_lcd.o(i.PutPixel) for PutPixel
    stm3210e_eval_lcd.o(i.LCD_FSMCConfig) refers to stm32f10x_fsmc.o(i.FSMC_NORSRAMInit) for FSMC_NORSRAMInit
    stm3210e_eval_lcd.o(i.LCD_FSMCConfig) refers to stm32f10x_fsmc.o(i.FSMC_NORSRAMCmd) for FSMC_NORSRAMCmd
    stm3210e_eval_lcd.o(i.LCD_FillPolyLine) refers to dfltui.o(.text) for __aeabi_ui2d
    stm3210e_eval_lcd.o(i.LCD_FillPolyLine) refers to dflti.o(.text) for __aeabi_i2d
    stm3210e_eval_lcd.o(i.LCD_FillPolyLine) refers to cdcmple.o(.text) for __aeabi_cdcmple
    stm3210e_eval_lcd.o(i.LCD_FillPolyLine) refers to cdrcmple.o(.text) for __aeabi_cdrcmple
    stm3210e_eval_lcd.o(i.LCD_FillPolyLine) refers to stm3210e_eval_lcd.o(i.LCD_DrawLine) for LCD_DrawLine
    stm3210e_eval_lcd.o(i.LCD_FillPolyLine) refers to stm3210e_eval_lcd.o(i.PutPixel) for PutPixel
    stm3210e_eval_lcd.o(i.LCD_FillPolyLine) refers to stm3210e_eval_lcd.o(.data) for .data
    stm3210e_eval_lcd.o(i.LCD_GetColors) refers to stm3210e_eval_lcd.o(.data) for .data
    stm3210e_eval_lcd.o(i.LCD_GetFont) refers to stm3210e_eval_lcd.o(.data) for .data
    stm3210e_eval_lcd.o(i.LCD_PolyLine) refers to stm3210e_eval_lcd.o(i.LCD_DrawUniLine) for LCD_DrawUniLine
    stm3210e_eval_lcd.o(i.LCD_PolyLineRelative) refers to stm3210e_eval_lcd.o(i.LCD_PolyLineRelativeClosed) for LCD_PolyLineRelativeClosed
    stm3210e_eval_lcd.o(i.LCD_PolyLineRelativeClosed) refers to stm3210e_eval_lcd.o(i.LCD_DrawUniLine) for LCD_DrawUniLine
    stm3210e_eval_lcd.o(i.LCD_PowerOn) refers to stm3210e_eval_lcd.o(i.delay) for delay
    stm3210e_eval_lcd.o(i.LCD_SetBackColor) refers to stm3210e_eval_lcd.o(.data) for .data
    stm3210e_eval_lcd.o(i.LCD_SetColors) refers to stm3210e_eval_lcd.o(.data) for .data
    stm3210e_eval_lcd.o(i.LCD_SetDisplayWindow) refers to stm3210e_eval_lcd.o(i.LCD_SetCursor) for LCD_SetCursor
    stm3210e_eval_lcd.o(i.LCD_SetFont) refers to stm3210e_eval_lcd.o(.data) for .data
    stm3210e_eval_lcd.o(i.LCD_SetTextColor) refers to stm3210e_eval_lcd.o(.data) for .data
    stm3210e_eval_lcd.o(i.LCD_WindowModeDisable) refers to stm3210e_eval_lcd.o(i.LCD_SetDisplayWindow) for LCD_SetDisplayWindow
    stm3210e_eval_lcd.o(i.PutPixel) refers to stm3210e_eval_lcd.o(i.LCD_DrawLine) for LCD_DrawLine
    stm3210e_eval_lcd.o(i.STM3210E_LCD_Init) refers to stm3210e_eval_lcd.o(i.LCD_CtrlLinesConfig) for LCD_CtrlLinesConfig
    stm3210e_eval_lcd.o(i.STM3210E_LCD_Init) refers to stm3210e_eval_lcd.o(i.LCD_FSMCConfig) for LCD_FSMCConfig
    stm3210e_eval_lcd.o(i.STM3210E_LCD_Init) refers to stm3210e_eval_lcd.o(i.delay) for delay
    stm3210e_eval_lcd.o(i.STM3210E_LCD_Init) refers to stm3210e_eval_lcd.o(i.LCD_ReadReg) for LCD_ReadReg
    stm3210e_eval_lcd.o(i.STM3210E_LCD_Init) refers to stm3210e_eval_lcd.o(.data) for .data
    stm3210e_eval_lcd.o(.data) refers to stm3210e_eval_lcd.o(.constdata) for ASCII16x24_Table
    stm3210e_eval_lcd.o(.data) refers to stm3210e_eval_lcd.o(.constdata) for ASCII12x12_Table
    stm3210e_eval_lcd.o(.data) refers to stm3210e_eval_lcd.o(.constdata) for ASCII8x12_Table
    stm3210e_eval_lcd.o(.data) refers to stm3210e_eval_lcd.o(.constdata) for ASCII8x8_Table
    startup_stm32f10x_xl.o(RESET) refers to startup_stm32f10x_xl.o(STACK) for __initial_sp
    startup_stm32f10x_xl.o(RESET) refers to startup_stm32f10x_xl.o(.text) for Reset_Handler
    startup_stm32f10x_xl.o(RESET) refers to stm32f10x_it.o(i.NMI_Handler) for NMI_Handler
    startup_stm32f10x_xl.o(RESET) refers to stm32f10x_it.o(i.HardFault_Handler) for HardFault_Handler
    startup_stm32f10x_xl.o(RESET) refers to stm32f10x_it.o(i.MemManage_Handler) for MemManage_Handler
    startup_stm32f10x_xl.o(RESET) refers to stm32f10x_it.o(i.BusFault_Handler) for BusFault_Handler
    startup_stm32f10x_xl.o(RESET) refers to stm32f10x_it.o(i.UsageFault_Handler) for UsageFault_Handler
    startup_stm32f10x_xl.o(RESET) refers to stm32f10x_it.o(i.SVC_Handler) for SVC_Handler
    startup_stm32f10x_xl.o(RESET) refers to stm32f10x_it.o(i.DebugMon_Handler) for DebugMon_Handler
    startup_stm32f10x_xl.o(RESET) refers to stm32f10x_it.o(i.PendSV_Handler) for PendSV_Handler
    startup_stm32f10x_xl.o(RESET) refers to stm32f10x_it.o(i.SysTick_Handler) for SysTick_Handler
    startup_stm32f10x_xl.o(.text) refers to system_stm32f10x.o(i.SystemInit) for SystemInit
    startup_stm32f10x_xl.o(.text) refers to entry.o(.ARM.Collect$$$$00000000) for __main
    entry.o(.ARM.Collect$$$$00000000) refers (Special) to entry7.o(.ARM.Collect$$$$00000007) for _main_init
    entry.o(.ARM.Collect$$$$00000000) refers (Special) to entry5.o(.ARM.Collect$$$$00000004) for _main_scatterload
    entry.o(.ARM.Collect$$$$00000000) refers (Special) to entry2.o(.ARM.Collect$$$$00000001) for _main_stk
    dflti.o(.text) refers (Special) to iusefp.o(.text) for __I$use$fp
    dflti.o(.text) refers to depilogue.o(.text) for _double_epilogue
    dfltui.o(.text) refers (Special) to iusefp.o(.text) for __I$use$fp
    dfltui.o(.text) refers to depilogue.o(.text) for _double_epilogue
    cdcmple.o(.text) refers (Special) to iusefp.o(.text) for __I$use$fp
    cdrcmple.o(.text) refers (Special) to iusefp.o(.text) for __I$use$fp
    entry2.o(.ARM.Collect$$$$00000001) refers to entry2.o(.ARM.Collect$$$$00002712) for __lit__00000000
    entry2.o(.ARM.Collect$$$$00002712) refers to startup_stm32f10x_xl.o(STACK) for __initial_sp
    entry2.o(__vectab_stack_and_reset_area) refers to startup_stm32f10x_xl.o(STACK) for __initial_sp
    entry2.o(__vectab_stack_and_reset_area) refers to entry.o(.ARM.Collect$$$$00000000) for __main
    entry5.o(.ARM.Collect$$$$00000004) refers to init.o(.text) for __scatterload
    entry7.o(.ARM.Collect$$$$00000007) refers to main.o(i.main) for main
    init.o(.text) refers to entry5.o(.ARM.Collect$$$$00000004) for __main_after_scatterload


==============================================================================

Removing Unused input sections from the image.

    Removing main.o(.bss), (16 bytes).
    Removing stm32f10x_rcc.o(i.RCC_ADCCLKConfig), (20 bytes).
    Removing stm32f10x_rcc.o(i.RCC_APB1PeriphClockCmd), (24 bytes).
    Removing stm32f10x_rcc.o(i.RCC_APB1PeriphResetCmd), (24 bytes).
    Removing stm32f10x_rcc.o(i.RCC_APB2PeriphResetCmd), (24 bytes).
    Removing stm32f10x_rcc.o(i.RCC_AdjustHSICalibrationValue), (20 bytes).
    Removing stm32f10x_rcc.o(i.RCC_BackupResetCmd), (12 bytes).
    Removing stm32f10x_rcc.o(i.RCC_ClearFlag), (16 bytes).
    Removing stm32f10x_rcc.o(i.RCC_ClearITPendingBit), (12 bytes).
    Removing stm32f10x_rcc.o(i.RCC_ClockSecuritySystemCmd), (12 bytes).
    Removing stm32f10x_rcc.o(i.RCC_DeInit), (64 bytes).
    Removing stm32f10x_rcc.o(i.RCC_GetFlagStatus), (48 bytes).
    Removing stm32f10x_rcc.o(i.RCC_GetITStatus), (20 bytes).
    Removing stm32f10x_rcc.o(i.RCC_GetSYSCLKSource), (16 bytes).
    Removing stm32f10x_rcc.o(i.RCC_HCLKConfig), (20 bytes).
    Removing stm32f10x_rcc.o(i.RCC_HSEConfig), (52 bytes).
    Removing stm32f10x_rcc.o(i.RCC_HSICmd), (12 bytes).
    Removing stm32f10x_rcc.o(i.RCC_ITConfig), (24 bytes).
    Removing stm32f10x_rcc.o(i.RCC_LSEConfig), (32 bytes).
    Removing stm32f10x_rcc.o(i.RCC_LSICmd), (12 bytes).
    Removing stm32f10x_rcc.o(i.RCC_MCOConfig), (12 bytes).
    Removing stm32f10x_rcc.o(i.RCC_PCLK1Config), (20 bytes).
    Removing stm32f10x_rcc.o(i.RCC_PCLK2Config), (20 bytes).
    Removing stm32f10x_rcc.o(i.RCC_PLLCmd), (12 bytes).
    Removing stm32f10x_rcc.o(i.RCC_PLLConfig), (20 bytes).
    Removing stm32f10x_rcc.o(i.RCC_RTCCLKCmd), (12 bytes).
    Removing stm32f10x_rcc.o(i.RCC_RTCCLKConfig), (16 bytes).
    Removing stm32f10x_rcc.o(i.RCC_SYSCLKConfig), (20 bytes).
    Removing stm32f10x_rcc.o(i.RCC_USBCLKConfig), (12 bytes).
    Removing stm32f10x_rcc.o(i.RCC_WaitForHSEStartUp), (38 bytes).
    Removing stm32f10x_gpio.o(i.GPIO_AFIODeInit), (22 bytes).
    Removing stm32f10x_gpio.o(i.GPIO_DeInit), (180 bytes).
    Removing stm32f10x_gpio.o(i.GPIO_ETH_MediaInterfaceConfig), (12 bytes).
    Removing stm32f10x_gpio.o(i.GPIO_EventOutputCmd), (12 bytes).
    Removing stm32f10x_gpio.o(i.GPIO_EventOutputConfig), (28 bytes).
    Removing stm32f10x_gpio.o(i.GPIO_PinLockConfig), (16 bytes).
    Removing stm32f10x_gpio.o(i.GPIO_PinRemapConfig), (88 bytes).
    Removing stm32f10x_gpio.o(i.GPIO_ReadInputData), (6 bytes).
    Removing stm32f10x_gpio.o(i.GPIO_ReadOutputData), (6 bytes).
    Removing stm32f10x_gpio.o(i.GPIO_ReadOutputDataBit), (14 bytes).
    Removing stm32f10x_gpio.o(i.GPIO_ResetBits), (4 bytes).
    Removing stm32f10x_gpio.o(i.GPIO_SetBits), (4 bytes).
    Removing stm32f10x_gpio.o(i.GPIO_StructInit), (16 bytes).
    Removing stm32f10x_gpio.o(i.GPIO_Write), (4 bytes).
    Removing stm32f10x_gpio.o(i.GPIO_WriteBit), (10 bytes).
    Removing misc.o(i.NVIC_PriorityGroupConfig), (20 bytes).
    Removing misc.o(i.NVIC_SystemLPConfig), (24 bytes).
    Removing misc.o(i.SysTick_CLKSourceConfig), (24 bytes).
    Removing stm32f10x_exti.o(i.EXTI_ClearFlag), (12 bytes).
    Removing stm32f10x_exti.o(i.EXTI_ClearITPendingBit), (12 bytes).
    Removing stm32f10x_exti.o(i.EXTI_DeInit), (28 bytes).
    Removing stm32f10x_exti.o(i.EXTI_GenerateSWInterrupt), (16 bytes).
    Removing stm32f10x_exti.o(i.EXTI_GetFlagStatus), (20 bytes).
    Removing stm32f10x_exti.o(i.EXTI_GetITStatus), (28 bytes).
    Removing stm32f10x_exti.o(i.EXTI_StructInit), (14 bytes).
    Removing stm32f10x_spi.o(i.I2S_Cmd), (20 bytes).
    Removing stm32f10x_spi.o(i.I2S_Init), (144 bytes).
    Removing stm32f10x_spi.o(i.I2S_StructInit), (18 bytes).
    Removing stm32f10x_spi.o(i.SPI_BiDirectionalLineConfig), (22 bytes).
    Removing stm32f10x_spi.o(i.SPI_CalculateCRC), (20 bytes).
    Removing stm32f10x_spi.o(i.SPI_Cmd), (20 bytes).
    Removing stm32f10x_spi.o(i.SPI_DataSizeConfig), (16 bytes).
    Removing stm32f10x_spi.o(i.SPI_GetCRC), (12 bytes).
    Removing stm32f10x_spi.o(i.SPI_GetCRCPolynomial), (4 bytes).
    Removing stm32f10x_spi.o(i.SPI_I2S_ClearFlag), (6 bytes).
    Removing stm32f10x_spi.o(i.SPI_I2S_ClearITPendingBit), (14 bytes).
    Removing stm32f10x_spi.o(i.SPI_I2S_DMACmd), (16 bytes).
    Removing stm32f10x_spi.o(i.SPI_I2S_DeInit), (84 bytes).
    Removing stm32f10x_spi.o(i.SPI_I2S_GetFlagStatus), (14 bytes).
    Removing stm32f10x_spi.o(i.SPI_I2S_GetITStatus), (44 bytes).
    Removing stm32f10x_spi.o(i.SPI_I2S_ITConfig), (24 bytes).
    Removing stm32f10x_spi.o(i.SPI_I2S_ReceiveData), (4 bytes).
    Removing stm32f10x_spi.o(i.SPI_I2S_SendData), (4 bytes).
    Removing stm32f10x_spi.o(i.SPI_Init), (56 bytes).
    Removing stm32f10x_spi.o(i.SPI_NSSInternalSoftwareConfig), (24 bytes).
    Removing stm32f10x_spi.o(i.SPI_SSOutputCmd), (20 bytes).
    Removing stm32f10x_spi.o(i.SPI_StructInit), (24 bytes).
    Removing stm32f10x_spi.o(i.SPI_TransmitCRC), (10 bytes).
    Removing stm32f10x_fsmc.o(i.FSMC_ClearFlag), (36 bytes).
    Removing stm32f10x_fsmc.o(i.FSMC_ClearITPendingBit), (40 bytes).
    Removing stm32f10x_fsmc.o(i.FSMC_GetECC), (18 bytes).
    Removing stm32f10x_fsmc.o(i.FSMC_GetFlagStatus), (40 bytes).
    Removing stm32f10x_fsmc.o(i.FSMC_GetITStatus), (48 bytes).
    Removing stm32f10x_fsmc.o(i.FSMC_ITConfig), (68 bytes).
    Removing stm32f10x_fsmc.o(i.FSMC_NANDCmd), (56 bytes).
    Removing stm32f10x_fsmc.o(i.FSMC_NANDDeInit), (40 bytes).
    Removing stm32f10x_fsmc.o(i.FSMC_NANDECCCmd), (56 bytes).
    Removing stm32f10x_fsmc.o(i.FSMC_NANDInit), (100 bytes).
    Removing stm32f10x_fsmc.o(i.FSMC_NANDStructInit), (54 bytes).
    Removing stm32f10x_fsmc.o(i.FSMC_NORSRAMDeInit), (36 bytes).
    Removing stm32f10x_fsmc.o(i.FSMC_NORSRAMStructInit), (96 bytes).
    Removing stm32f10x_fsmc.o(i.FSMC_PCCARDCmd), (32 bytes).
    Removing stm32f10x_fsmc.o(i.FSMC_PCCARDDeInit), (28 bytes).
    Removing stm32f10x_fsmc.o(i.FSMC_PCCARDInit), (100 bytes).
    Removing stm32f10x_fsmc.o(i.FSMC_PCCARDStructInit), (60 bytes).
    Removing stm32f10x_usart.o(i.USART_ClearFlag), (6 bytes).
    Removing stm32f10x_usart.o(i.USART_ClearITPendingBit), (12 bytes).
    Removing stm32f10x_usart.o(i.USART_ClockInit), (30 bytes).
    Removing stm32f10x_usart.o(i.USART_ClockStructInit), (12 bytes).
    Removing stm32f10x_usart.o(i.USART_Cmd), (20 bytes).
    Removing stm32f10x_usart.o(i.USART_DMACmd), (16 bytes).
    Removing stm32f10x_usart.o(i.USART_DeInit), (116 bytes).
    Removing stm32f10x_usart.o(i.USART_GetFlagStatus), (14 bytes).
    Removing stm32f10x_usart.o(i.USART_GetITStatus), (62 bytes).
    Removing stm32f10x_usart.o(i.USART_HalfDuplexCmd), (20 bytes).
    Removing stm32f10x_usart.o(i.USART_ITConfig), (48 bytes).
    Removing stm32f10x_usart.o(i.USART_Init), (180 bytes).
    Removing stm32f10x_usart.o(i.USART_IrDACmd), (20 bytes).
    Removing stm32f10x_usart.o(i.USART_IrDAConfig), (16 bytes).
    Removing stm32f10x_usart.o(i.USART_LINBreakDetectLengthConfig), (16 bytes).
    Removing stm32f10x_usart.o(i.USART_LINCmd), (20 bytes).
    Removing stm32f10x_usart.o(i.USART_OneBitMethodCmd), (20 bytes).
    Removing stm32f10x_usart.o(i.USART_OverSampling8Cmd), (20 bytes).
    Removing stm32f10x_usart.o(i.USART_ReceiveData), (8 bytes).
    Removing stm32f10x_usart.o(i.USART_ReceiverWakeUpCmd), (20 bytes).
    Removing stm32f10x_usart.o(i.USART_SendBreak), (10 bytes).
    Removing stm32f10x_usart.o(i.USART_SendData), (8 bytes).
    Removing stm32f10x_usart.o(i.USART_SetAddress), (16 bytes).
    Removing stm32f10x_usart.o(i.USART_SetGuardTime), (16 bytes).
    Removing stm32f10x_usart.o(i.USART_SetPrescaler), (16 bytes).
    Removing stm32f10x_usart.o(i.USART_SmartCardCmd), (20 bytes).
    Removing stm32f10x_usart.o(i.USART_SmartCardNACKCmd), (20 bytes).
    Removing stm32f10x_usart.o(i.USART_StructInit), (22 bytes).
    Removing stm32f10x_usart.o(i.USART_WakeUpConfig), (16 bytes).
    Removing stm32f10x_sdio.o(i.SDIO_CEATAITCmd), (16 bytes).
    Removing stm32f10x_sdio.o(i.SDIO_ClearFlag), (12 bytes).
    Removing stm32f10x_sdio.o(i.SDIO_ClearITPendingBit), (12 bytes).
    Removing stm32f10x_sdio.o(i.SDIO_ClockCmd), (12 bytes).
    Removing stm32f10x_sdio.o(i.SDIO_CmdStructInit), (14 bytes).
    Removing stm32f10x_sdio.o(i.SDIO_CommandCompletionCmd), (12 bytes).
    Removing stm32f10x_sdio.o(i.SDIO_DMACmd), (12 bytes).
    Removing stm32f10x_sdio.o(i.SDIO_DataConfig), (44 bytes).
    Removing stm32f10x_sdio.o(i.SDIO_DataStructInit), (20 bytes).
    Removing stm32f10x_sdio.o(i.SDIO_DeInit), (36 bytes).
    Removing stm32f10x_sdio.o(i.SDIO_GetCommandResponse), (12 bytes).
    Removing stm32f10x_sdio.o(i.SDIO_GetDataCounter), (12 bytes).
    Removing stm32f10x_sdio.o(i.SDIO_GetFIFOCount), (12 bytes).
    Removing stm32f10x_sdio.o(i.SDIO_GetFlagStatus), (20 bytes).
    Removing stm32f10x_sdio.o(i.SDIO_GetITStatus), (20 bytes).
    Removing stm32f10x_sdio.o(i.SDIO_GetPowerState), (16 bytes).
    Removing stm32f10x_sdio.o(i.SDIO_GetResponse), (12 bytes).
    Removing stm32f10x_sdio.o(i.SDIO_ITConfig), (24 bytes).
    Removing stm32f10x_sdio.o(i.SDIO_Init), (44 bytes).
    Removing stm32f10x_sdio.o(i.SDIO_ReadData), (12 bytes).
    Removing stm32f10x_sdio.o(i.SDIO_SendCEATACmd), (12 bytes).
    Removing stm32f10x_sdio.o(i.SDIO_SendCommand), (40 bytes).
    Removing stm32f10x_sdio.o(i.SDIO_SendSDIOSuspendCmd), (12 bytes).
    Removing stm32f10x_sdio.o(i.SDIO_SetPowerState), (24 bytes).
    Removing stm32f10x_sdio.o(i.SDIO_SetSDIOOperation), (12 bytes).
    Removing stm32f10x_sdio.o(i.SDIO_SetSDIOReadWaitMode), (12 bytes).
    Removing stm32f10x_sdio.o(i.SDIO_StartSDIOReadWait), (12 bytes).
    Removing stm32f10x_sdio.o(i.SDIO_StopSDIOReadWait), (12 bytes).
    Removing stm32f10x_sdio.o(i.SDIO_StructInit), (16 bytes).
    Removing stm32f10x_sdio.o(i.SDIO_WriteData), (12 bytes).
    Removing stm32f10x_dma.o(i.DMA_ClearFlag), (20 bytes).
    Removing stm32f10x_dma.o(i.DMA_ClearITPendingBit), (20 bytes).
    Removing stm32f10x_dma.o(i.DMA_Cmd), (20 bytes).
    Removing stm32f10x_dma.o(i.DMA_DeInit), (236 bytes).
    Removing stm32f10x_dma.o(i.DMA_GetCurrDataCounter), (6 bytes).
    Removing stm32f10x_dma.o(i.DMA_GetFlagStatus), (32 bytes).
    Removing stm32f10x_dma.o(i.DMA_GetITStatus), (32 bytes).
    Removing stm32f10x_dma.o(i.DMA_ITConfig), (16 bytes).
    Removing stm32f10x_dma.o(i.DMA_Init), (58 bytes).
    Removing stm32f10x_dma.o(i.DMA_StructInit), (26 bytes).
    Removing stm32f10x_i2c.o(i.I2C_ARPCmd), (20 bytes).
    Removing stm32f10x_i2c.o(i.I2C_AcknowledgeConfig), (20 bytes).
    Removing stm32f10x_i2c.o(i.I2C_CalculatePEC), (20 bytes).
    Removing stm32f10x_i2c.o(i.I2C_CheckEvent), (24 bytes).
    Removing stm32f10x_i2c.o(i.I2C_ClearFlag), (6 bytes).
    Removing stm32f10x_i2c.o(i.I2C_ClearITPendingBit), (6 bytes).
    Removing stm32f10x_i2c.o(i.I2C_Cmd), (20 bytes).
    Removing stm32f10x_i2c.o(i.I2C_DMACmd), (20 bytes).
    Removing stm32f10x_i2c.o(i.I2C_DMALastTransferCmd), (20 bytes).
    Removing stm32f10x_i2c.o(i.I2C_DeInit), (44 bytes).
    Removing stm32f10x_i2c.o(i.I2C_DualAddressCmd), (20 bytes).
    Removing stm32f10x_i2c.o(i.I2C_FastModeDutyCycleConfig), (22 bytes).
    Removing stm32f10x_i2c.o(i.I2C_GeneralCallCmd), (20 bytes).
    Removing stm32f10x_i2c.o(i.I2C_GenerateSTART), (20 bytes).
    Removing stm32f10x_i2c.o(i.I2C_GenerateSTOP), (20 bytes).
    Removing stm32f10x_i2c.o(i.I2C_GetFlagStatus), (30 bytes).
    Removing stm32f10x_i2c.o(i.I2C_GetITStatus), (34 bytes).
    Removing stm32f10x_i2c.o(i.I2C_GetLastEvent), (14 bytes).
    Removing stm32f10x_i2c.o(i.I2C_GetPEC), (6 bytes).
    Removing stm32f10x_i2c.o(i.I2C_ITConfig), (16 bytes).
    Removing stm32f10x_i2c.o(i.I2C_Init), (184 bytes).
    Removing stm32f10x_i2c.o(i.I2C_OwnAddress2Config), (16 bytes).
    Removing stm32f10x_i2c.o(i.I2C_PECPositionConfig), (22 bytes).
    Removing stm32f10x_i2c.o(i.I2C_ReadRegister), (4 bytes).
    Removing stm32f10x_i2c.o(i.I2C_ReceiveData), (6 bytes).
    Removing stm32f10x_i2c.o(i.I2C_SMBusAlertConfig), (22 bytes).
    Removing stm32f10x_i2c.o(i.I2C_Send7bitAddress), (16 bytes).
    Removing stm32f10x_i2c.o(i.I2C_SendData), (4 bytes).
    Removing stm32f10x_i2c.o(i.I2C_SoftwareResetCmd), (20 bytes).
    Removing stm32f10x_i2c.o(i.I2C_StretchClockCmd), (20 bytes).
    Removing stm32f10x_i2c.o(i.I2C_StructInit), (28 bytes).
    Removing stm32f10x_i2c.o(i.I2C_TransmitPEC), (20 bytes).
    Removing stm32f10x_flash.o(i.FLASH_ClearFlag), (20 bytes).
    Removing stm32f10x_flash.o(i.FLASH_EnableWriteProtection), (172 bytes).
    Removing stm32f10x_flash.o(i.FLASH_EraseAllBank1Pages), (60 bytes).
    Removing stm32f10x_flash.o(i.FLASH_EraseAllBank2Pages), (60 bytes).
    Removing stm32f10x_flash.o(i.FLASH_EraseAllPages), (96 bytes).
    Removing stm32f10x_flash.o(i.FLASH_ErasePage), (120 bytes).
    Removing stm32f10x_flash.o(i.FLASH_GetFlagStatus), (40 bytes).
    Removing stm32f10x_flash.o(i.FLASH_GetPrefetchBufferStatus), (20 bytes).
    Removing stm32f10x_flash.o(i.FLASH_GetStatus), (40 bytes).
    Removing stm32f10x_flash.o(i.FLASH_GetUserOptionByte), (12 bytes).
    Removing stm32f10x_flash.o(i.FLASH_GetWriteProtectionOptionByte), (12 bytes).
    Removing stm32f10x_flash.o(i.FLASH_HalfCycleAccessCmd), (24 bytes).
    Removing stm32f10x_flash.o(i.FLASH_ITConfig), (48 bytes).
    Removing stm32f10x_flash.o(i.FLASH_LockBank1), (16 bytes).
    Removing stm32f10x_flash.o(i.FLASH_LockBank2), (16 bytes).
    Removing stm32f10x_flash.o(i.FLASH_PrefetchBufferCmd), (24 bytes).
    Removing stm32f10x_flash.o(i.FLASH_ProgramHalfWord), (104 bytes).
    Removing stm32f10x_flash.o(i.FLASH_ProgramOptionByteData), (76 bytes).
    Removing stm32f10x_flash.o(i.FLASH_ReadOutProtection), (136 bytes).
    Removing stm32f10x_flash.o(i.FLASH_SetLatency), (20 bytes).
    Removing stm32f10x_flash.o(i.FLASH_UnlockBank1), (24 bytes).
    Removing stm32f10x_flash.o(i.FLASH_UnlockBank2), (24 bytes).
    Removing stm32f10x_flash.o(i.FLASH_UserOptionByteConfig), (96 bytes).
    Removing system_stm32f10x.o(i.SystemCoreClockUpdate), (100 bytes).
    Removing system_stm32f10x.o(.data), (20 bytes).
    Removing stm32_eval.o(i.LM75_LowLevel_DeInit), (88 bytes).
    Removing stm32_eval.o(i.LM75_LowLevel_Init), (88 bytes).
    Removing stm32_eval.o(i.SD_LowLevel_DMA_RxConfig), (92 bytes).
    Removing stm32_eval.o(i.SD_LowLevel_DMA_TxConfig), (96 bytes).
    Removing stm32_eval.o(i.SD_LowLevel_DeInit), (72 bytes).
    Removing stm32_eval.o(i.SD_LowLevel_Init), (104 bytes).
    Removing stm32_eval.o(i.SD_WaitForDMAEndOfTransfer), (20 bytes).
    Removing stm32_eval.o(i.STM_EVAL_COMInit), (160 bytes).
    Removing stm32_eval.o(i.STM_EVAL_LEDOff), (24 bytes).
    Removing stm32_eval.o(i.sFLASH_LowLevel_DeInit), (104 bytes).
    Removing stm32_eval.o(i.sFLASH_LowLevel_Init), (104 bytes).
    Removing stm3210e_eval_lcd.o(i.LCD_ClosedPolyLine), (32 bytes).
    Removing stm3210e_eval_lcd.o(i.LCD_ClosedPolyLineRelative), (6 bytes).
    Removing stm3210e_eval_lcd.o(i.LCD_DeInit), (108 bytes).
    Removing stm3210e_eval_lcd.o(i.LCD_DisplayOff), (14 bytes).
    Removing stm3210e_eval_lcd.o(i.LCD_DisplayOn), (16 bytes).
    Removing stm3210e_eval_lcd.o(i.LCD_DrawCircle), (284 bytes).
    Removing stm3210e_eval_lcd.o(i.LCD_DrawFullCircle), (168 bytes).
    Removing stm3210e_eval_lcd.o(i.LCD_DrawFullRect), (136 bytes).
    Removing stm3210e_eval_lcd.o(i.LCD_DrawLine), (92 bytes).
    Removing stm3210e_eval_lcd.o(i.LCD_DrawMonoPict), (76 bytes).
    Removing stm3210e_eval_lcd.o(i.LCD_DrawRect), (64 bytes).
    Removing stm3210e_eval_lcd.o(i.LCD_DrawUniLine), (176 bytes).
    Removing stm3210e_eval_lcd.o(i.LCD_FillPolyLine), (440 bytes).
    Removing stm3210e_eval_lcd.o(i.LCD_GetColors), (16 bytes).
    Removing stm3210e_eval_lcd.o(i.LCD_PolyLine), (40 bytes).
    Removing stm3210e_eval_lcd.o(i.LCD_PolyLineRelative), (6 bytes).
    Removing stm3210e_eval_lcd.o(i.LCD_PolyLineRelativeClosed), (98 bytes).
    Removing stm3210e_eval_lcd.o(i.LCD_PowerOn), (116 bytes).
    Removing stm3210e_eval_lcd.o(i.LCD_ReadRAM), (12 bytes).
    Removing stm3210e_eval_lcd.o(i.LCD_SetColors), (12 bytes).
    Removing stm3210e_eval_lcd.o(i.LCD_SetDisplayWindow), (66 bytes).
    Removing stm3210e_eval_lcd.o(i.LCD_WindowModeDisable), (32 bytes).
    Removing stm3210e_eval_lcd.o(i.LCD_WriteBMP), (70 bytes).
    Removing stm3210e_eval_lcd.o(i.LCD_WriteRAM), (8 bytes).
    Removing stm3210e_eval_lcd.o(i.LCD_WriteRAM_Prepare), (10 bytes).
    Removing stm3210e_eval_lcd.o(i.LCD_WriteReg), (10 bytes).
    Removing stm3210e_eval_lcd.o(i.PutPixel), (28 bytes).
    Removing stm3210e_eval_lcd.o(.constdata), (2304 bytes).
    Removing stm3210e_eval_lcd.o(.constdata), (1536 bytes).
    Removing stm3210e_eval_lcd.o(.data), (8 bytes).
    Removing stm3210e_eval_lcd.o(.data), (8 bytes).
    Removing startup_stm32f10x_xl.o(HEAP), (512 bytes).
    Removing dflti.o(.text), (36 bytes).
    Removing dfltui.o(.text), (26 bytes).
    Removing cdcmple.o(.text), (76 bytes).
    Removing cdrcmple.o(.text), (76 bytes).
    Removing depilogue.o(.text), (200 bytes).

269 unused section(s) (total 14648 bytes) removed from the image.

==============================================================================

Image Symbol Table

    Local Symbols

    Symbol Name                              Value     Ov Type        Size  Object(Section)

    ../../microlib/fpepilogue.c              0x00000000   Number         0  depilogue.o ABSOLUTE
    ../../microlib/fpflt.c                   0x00000000   Number         0  dfltui.o ABSOLUTE
    ../../microlib/fpflt.c                   0x00000000   Number         0  dflti.o ABSOLUTE
    ../../microlib/init/entry.s              0x00000000   Number         0  entry.o ABSOLUTE
    ../../microlib/init/entry.s              0x00000000   Number         0  entry7.o ABSOLUTE
    ../../microlib/init/entry.s              0x00000000   Number         0  entry5.o ABSOLUTE
    ../../microlib/init/entry.s              0x00000000   Number         0  entry2.o ABSOLUTE
    ../../microlib/stubs.s                   0x00000000   Number         0  iusefp.o ABSOLUTE
    ..\..\..\..\..\Libraries\CMSIS\CM3\DeviceSupport\ST\STM32F10x\startup\arm\startup_stm32f10x_xl.s 0x00000000   Number         0  startup_stm32f10x_xl.o ABSOLUTE
    ..\..\..\..\..\Libraries\CMSIS\CM3\DeviceSupport\ST\STM32F10x\system_stm32f10x.c 0x00000000   Number         0  system_stm32f10x.o ABSOLUTE
    ..\..\..\..\..\Libraries\STM32F10x_StdPeriph_Driver\src\misc.c 0x00000000   Number         0  misc.o ABSOLUTE
    ..\..\..\..\..\Libraries\STM32F10x_StdPeriph_Driver\src\stm32f10x_dma.c 0x00000000   Number         0  stm32f10x_dma.o ABSOLUTE
    ..\..\..\..\..\Libraries\STM32F10x_StdPeriph_Driver\src\stm32f10x_exti.c 0x00000000   Number         0  stm32f10x_exti.o ABSOLUTE
    ..\..\..\..\..\Libraries\STM32F10x_StdPeriph_Driver\src\stm32f10x_flash.c 0x00000000   Number         0  stm32f10x_flash.o ABSOLUTE
    ..\..\..\..\..\Libraries\STM32F10x_StdPeriph_Driver\src\stm32f10x_fsmc.c 0x00000000   Number         0  stm32f10x_fsmc.o ABSOLUTE
    ..\..\..\..\..\Libraries\STM32F10x_StdPeriph_Driver\src\stm32f10x_gpio.c 0x00000000   Number         0  stm32f10x_gpio.o ABSOLUTE
    ..\..\..\..\..\Libraries\STM32F10x_StdPeriph_Driver\src\stm32f10x_i2c.c 0x00000000   Number         0  stm32f10x_i2c.o ABSOLUTE
    ..\..\..\..\..\Libraries\STM32F10x_StdPeriph_Driver\src\stm32f10x_rcc.c 0x00000000   Number         0  stm32f10x_rcc.o ABSOLUTE
    ..\..\..\..\..\Libraries\STM32F10x_StdPeriph_Driver\src\stm32f10x_sdio.c 0x00000000   Number         0  stm32f10x_sdio.o ABSOLUTE
    ..\..\..\..\..\Libraries\STM32F10x_StdPeriph_Driver\src\stm32f10x_spi.c 0x00000000   Number         0  stm32f10x_spi.o ABSOLUTE
    ..\..\..\..\..\Libraries\STM32F10x_StdPeriph_Driver\src\stm32f10x_usart.c 0x00000000   Number         0  stm32f10x_usart.o ABSOLUTE
    ..\..\..\..\..\Utilities\STM32_EVAL\STM3210E_EVAL\stm3210e_eval_lcd.c 0x00000000   Number         0  stm3210e_eval_lcd.o ABSOLUTE
    ..\..\..\..\..\Utilities\STM32_EVAL\stm32_eval.c 0x00000000   Number         0  stm32_eval.o ABSOLUTE
    ..\main.c                                0x00000000   Number         0  main.o ABSOLUTE
    ..\stm32f10x_it.c                        0x00000000   Number         0  stm32f10x_it.o ABSOLUTE
    cdcmple.s                                0x00000000   Number         0  cdcmple.o ABSOLUTE
    cdrcmple.s                               0x00000000   Number         0  cdrcmple.o ABSOLUTE
    dc.s                                     0x00000000   Number         0  dc.o ABSOLUTE
    handlers.s                               0x00000000   Number         0  handlers.o ABSOLUTE
    init.s                                   0x00000000   Number         0  init.o ABSOLUTE
    RESET                                    0x08000000   Section      304  startup_stm32f10x_xl.o(RESET)
    .ARM.Collect$$$$00000000                 0x08000130   Section        0  entry.o(.ARM.Collect$$$$00000000)
    .ARM.Collect$$$$00000001                 0x08000130   Section        4  entry2.o(.ARM.Collect$$$$00000001)
    .ARM.Collect$$$$00000004                 0x08000134   Section        4  entry5.o(.ARM.Collect$$$$00000004)
    .ARM.Collect$$$$00000007                 0x08000138   Section        8  entry7.o(.ARM.Collect$$$$00000007)
    .ARM.Collect$$$$00002712                 0x08000140   Section        4  entry2.o(.ARM.Collect$$$$00002712)
    __lit__00000000                          0x08000140   Data           4  entry2.o(.ARM.Collect$$$$00002712)
    .text                                    0x08000144   Section       36  startup_stm32f10x_xl.o(.text)
    .text                                    0x08000168   Section       36  init.o(.text)
    i.BusFault_Handler                       0x0800018c   Section        2  stm32f10x_it.o(i.BusFault_Handler)
    i.DebugMon_Handler                       0x0800018e   Section        2  stm32f10x_it.o(i.DebugMon_Handler)
    i.Delay                                  0x08000190   Section       16  main.o(i.Delay)
    i.EXTI_Init                              0x080001a0   Section      116  stm32f10x_exti.o(i.EXTI_Init)
    i.FLASH_BootConfig                       0x08000214   Section       96  stm32f10x_flash.o(i.FLASH_BootConfig)
    i.FLASH_EraseOptionBytes                 0x08000274   Section      124  stm32f10x_flash.o(i.FLASH_EraseOptionBytes)
    i.FLASH_GetBank1Status                   0x080002f0   Section       40  stm32f10x_flash.o(i.FLASH_GetBank1Status)
    i.FLASH_GetBank2Status                   0x08000318   Section       40  stm32f10x_flash.o(i.FLASH_GetBank2Status)
    i.FLASH_GetReadOutProtectionStatus       0x08000340   Section       20  stm32f10x_flash.o(i.FLASH_GetReadOutProtectionStatus)
    i.FLASH_Lock                             0x08000354   Section       24  stm32f10x_flash.o(i.FLASH_Lock)
    i.FLASH_ProgramWord                      0x0800036c   Section      268  stm32f10x_flash.o(i.FLASH_ProgramWord)
    i.FLASH_Unlock                           0x08000478   Section       28  stm32f10x_flash.o(i.FLASH_Unlock)
    i.FLASH_WaitForLastBank1Operation        0x08000494   Section       36  stm32f10x_flash.o(i.FLASH_WaitForLastBank1Operation)
    i.FLASH_WaitForLastBank2Operation        0x080004b8   Section       36  stm32f10x_flash.o(i.FLASH_WaitForLastBank2Operation)
    i.FLASH_WaitForLastOperation             0x080004dc   Section       36  stm32f10x_flash.o(i.FLASH_WaitForLastOperation)
    i.FSMC_NORSRAMCmd                        0x08000500   Section       32  stm32f10x_fsmc.o(i.FSMC_NORSRAMCmd)
    i.FSMC_NORSRAMInit                       0x08000520   Section      188  stm32f10x_fsmc.o(i.FSMC_NORSRAMInit)
    i.GPIO_EXTILineConfig                    0x080005dc   Section       40  stm32f10x_gpio.o(i.GPIO_EXTILineConfig)
    i.GPIO_Init                              0x08000604   Section      158  stm32f10x_gpio.o(i.GPIO_Init)
    i.GPIO_ReadInputDataBit                  0x080006a2   Section       14  stm32f10x_gpio.o(i.GPIO_ReadInputDataBit)
    i.HardFault_Handler                      0x080006b0   Section        2  stm32f10x_it.o(i.HardFault_Handler)
    i.LCD_Clear                              0x080006b2   Section       38  stm3210e_eval_lcd.o(i.LCD_Clear)
    i.LCD_ClearLine                          0x080006d8   Section       48  stm3210e_eval_lcd.o(i.LCD_ClearLine)
    i.LCD_CtrlLinesConfig                    0x08000708   Section      112  stm3210e_eval_lcd.o(i.LCD_CtrlLinesConfig)
    i.LCD_DisplayChar                        0x08000778   Section       32  stm3210e_eval_lcd.o(i.LCD_DisplayChar)
    i.LCD_DisplayStringLine                  0x08000798   Section       76  stm3210e_eval_lcd.o(i.LCD_DisplayStringLine)
    i.LCD_DrawChar                           0x080007e4   Section      128  stm3210e_eval_lcd.o(i.LCD_DrawChar)
    i.LCD_FSMCConfig                         0x08000864   Section       80  stm3210e_eval_lcd.o(i.LCD_FSMCConfig)
    i.LCD_GetFont                            0x080008b4   Section       12  stm3210e_eval_lcd.o(i.LCD_GetFont)
    i.LCD_ReadReg                            0x080008c0   Section       10  stm3210e_eval_lcd.o(i.LCD_ReadReg)
    i.LCD_SetBackColor                       0x080008cc   Section       12  stm3210e_eval_lcd.o(i.LCD_SetBackColor)
    i.LCD_SetCursor                          0x080008d8   Section       18  stm3210e_eval_lcd.o(i.LCD_SetCursor)
    i.LCD_SetFont                            0x080008ec   Section       12  stm3210e_eval_lcd.o(i.LCD_SetFont)
    i.LCD_SetTextColor                       0x080008f8   Section       12  stm3210e_eval_lcd.o(i.LCD_SetTextColor)
    i.MemManage_Handler                      0x08000904   Section        2  stm32f10x_it.o(i.MemManage_Handler)
    i.NMI_Handler                            0x08000906   Section        2  stm32f10x_it.o(i.NMI_Handler)
    i.NVIC_Init                              0x08000908   Section       92  misc.o(i.NVIC_Init)
    i.NVIC_SetVectorTable                    0x08000964   Section       20  misc.o(i.NVIC_SetVectorTable)
    i.NVIC_SystemReset                       0x08000978   Section       28  main.o(i.NVIC_SystemReset)
    NVIC_SystemReset                         0x08000979   Thumb Code    20  main.o(i.NVIC_SystemReset)
    i.PendSV_Handler                         0x08000994   Section        2  stm32f10x_it.o(i.PendSV_Handler)
    i.RCC_AHBPeriphClockCmd                  0x08000998   Section       24  stm32f10x_rcc.o(i.RCC_AHBPeriphClockCmd)
    i.RCC_APB2PeriphClockCmd                 0x080009b0   Section       24  stm32f10x_rcc.o(i.RCC_APB2PeriphClockCmd)
    i.RCC_GetClocksFreq                      0x080009c8   Section      148  stm32f10x_rcc.o(i.RCC_GetClocksFreq)
    i.STM3210E_LCD_Init                      0x08000a5c   Section     1024  stm3210e_eval_lcd.o(i.STM3210E_LCD_Init)
    i.STM_EVAL_LEDInit                       0x08000e5c   Section       64  stm32_eval.o(i.STM_EVAL_LEDInit)
    i.STM_EVAL_LEDOn                         0x08000e9c   Section       24  stm32_eval.o(i.STM_EVAL_LEDOn)
    i.STM_EVAL_LEDToggle                     0x08000eb4   Section       28  stm32_eval.o(i.STM_EVAL_LEDToggle)
    i.STM_EVAL_PBGetState                    0x08000ed0   Section       24  stm32_eval.o(i.STM_EVAL_PBGetState)
    i.STM_EVAL_PBInit                        0x08000ee8   Section      164  stm32_eval.o(i.STM_EVAL_PBInit)
    i.SVC_Handler                            0x08000f8c   Section        2  stm32f10x_it.o(i.SVC_Handler)
    i.SetSysClockTo72                        0x08000f90   Section      144  system_stm32f10x.o(i.SetSysClockTo72)
    SetSysClockTo72                          0x08000f91   Thumb Code   136  system_stm32f10x.o(i.SetSysClockTo72)
    i.SysTick_Handler                        0x08001020   Section        4  stm32f10x_it.o(i.SysTick_Handler)
    i.SystemInit                             0x08001024   Section       64  system_stm32f10x.o(i.SystemInit)
    i.TimingDelay_Decrement                  0x08001064   Section       20  main.o(i.TimingDelay_Decrement)
    i.UsageFault_Handler                     0x08001078   Section        2  stm32f10x_it.o(i.UsageFault_Handler)
    i.__scatterload_copy                     0x0800107a   Section       14  handlers.o(i.__scatterload_copy)
    i.__scatterload_null                     0x08001088   Section        2  handlers.o(i.__scatterload_null)
    i.__scatterload_zeroinit                 0x0800108a   Section       14  handlers.o(i.__scatterload_zeroinit)
    i.delay                                  0x08001098   Section       20  stm3210e_eval_lcd.o(i.delay)
    delay                                    0x08001099   Thumb Code    14  stm3210e_eval_lcd.o(i.delay)
    i.main                                   0x080010ac   Section      940  main.o(i.main)
    .constdata                               0x08001458   Section      168  stm32_eval.o(.constdata)
    .constdata                               0x08001500   Section     4560  stm3210e_eval_lcd.o(.constdata)
    .constdata                               0x080026d0   Section     2304  stm3210e_eval_lcd.o(.constdata)
    .data                                    0x20000000   Section        4  main.o(.data)
    TimingDelay                              0x20000000   Data           4  main.o(.data)
    .data                                    0x20000004   Section       20  stm32f10x_rcc.o(.data)
    ADCPrescTable                            0x20000004   Data           4  stm32f10x_rcc.o(.data)
    APBAHBPrescTable                         0x20000008   Data          16  stm32f10x_rcc.o(.data)
    .data                                    0x20000018   Section       72  stm32_eval.o(.data)
    .data                                    0x20000060   Section       16  stm3210e_eval_lcd.o(.data)
    TextColor                                0x20000060   Data           2  stm3210e_eval_lcd.o(.data)
    BackColor                                0x20000062   Data           2  stm3210e_eval_lcd.o(.data)
    LCD_Currentfonts                         0x20000064   Data           4  stm3210e_eval_lcd.o(.data)
    .data                                    0x20000070   Section        8  stm3210e_eval_lcd.o(.data)
    .bss                                     0x20000078   Section       20  main.o(.bss)
    STACK                                    0x20000090   Section     1024  startup_stm32f10x_xl.o(STACK)

    Global Symbols

    Symbol Name                              Value     Ov Type        Size  Object(Section)

    BuildAttributes$$THM_ISAv4$P$D$K$B$S$PE$A:L22UL41UL21$X:L11$S22US41US21$IEEE1$IW$USESV6$~STKCKD$USESV7$~SHL$OSPACE$ROPI$EBA8$MICROLIB$REQ8$PRES8$EABIv2 0x00000000   Number         0  anon$$obj.o ABSOLUTE
    __ARM_use_no_argv                        0x00000000   Number         0  main.o ABSOLUTE
    __decompress                              - Undefined Weak Reference
    __Vectors_Size                           0x00000130   Number         0  startup_stm32f10x_xl.o ABSOLUTE
    __Vectors                                0x08000000   Data           4  startup_stm32f10x_xl.o(RESET)
    __Vectors_End                            0x08000130   Data           0  startup_stm32f10x_xl.o(RESET)
    __main                                   0x08000131   Thumb Code     0  entry.o(.ARM.Collect$$$$00000000)
    _main_stk                                0x08000131   Thumb Code     0  entry2.o(.ARM.Collect$$$$00000001)
    _main_scatterload                        0x08000135   Thumb Code     0  entry5.o(.ARM.Collect$$$$00000004)
    __main_after_scatterload                 0x08000139   Thumb Code     0  entry5.o(.ARM.Collect$$$$00000004)
    _main_init                               0x08000139   Thumb Code     0  entry7.o(.ARM.Collect$$$$00000007)
    Reset_Handler                            0x08000145   Thumb Code     8  startup_stm32f10x_xl.o(.text)
    ADC1_2_IRQHandler                        0x0800015f   Thumb Code     0  startup_stm32f10x_xl.o(.text)
    ADC3_IRQHandler                          0x0800015f   Thumb Code     0  startup_stm32f10x_xl.o(.text)
    CAN1_RX1_IRQHandler                      0x0800015f   Thumb Code     0  startup_stm32f10x_xl.o(.text)
    CAN1_SCE_IRQHandler                      0x0800015f   Thumb Code     0  startup_stm32f10x_xl.o(.text)
    DMA1_Channel1_IRQHandler                 0x0800015f   Thumb Code     0  startup_stm32f10x_xl.o(.text)
    DMA1_Channel2_IRQHandler                 0x0800015f   Thumb Code     0  startup_stm32f10x_xl.o(.text)
    DMA1_Channel3_IRQHandler                 0x0800015f   Thumb Code     0  startup_stm32f10x_xl.o(.text)
    DMA1_Channel4_IRQHandler                 0x0800015f   Thumb Code     0  startup_stm32f10x_xl.o(.text)
    DMA1_Channel5_IRQHandler                 0x0800015f   Thumb Code     0  startup_stm32f10x_xl.o(.text)
    DMA1_Channel6_IRQHandler                 0x0800015f   Thumb Code     0  startup_stm32f10x_xl.o(.text)
    DMA1_Channel7_IRQHandler                 0x0800015f   Thumb Code     0  startup_stm32f10x_xl.o(.text)
    DMA2_Channel1_IRQHandler                 0x0800015f   Thumb Code     0  startup_stm32f10x_xl.o(.text)
    DMA2_Channel2_IRQHandler                 0x0800015f   Thumb Code     0  startup_stm32f10x_xl.o(.text)
    DMA2_Channel3_IRQHandler                 0x0800015f   Thumb Code     0  startup_stm32f10x_xl.o(.text)
    DMA2_Channel4_5_IRQHandler               0x0800015f   Thumb Code     0  startup_stm32f10x_xl.o(.text)
    EXTI0_IRQHandler                         0x0800015f   Thumb Code     0  startup_stm32f10x_xl.o(.text)
    EXTI15_10_IRQHandler                     0x0800015f   Thumb Code     0  startup_stm32f10x_xl.o(.text)
    EXTI1_IRQHandler                         0x0800015f   Thumb Code     0  startup_stm32f10x_xl.o(.text)
    EXTI2_IRQHandler                         0x0800015f   Thumb Code     0  startup_stm32f10x_xl.o(.text)
    EXTI3_IRQHandler                         0x0800015f   Thumb Code     0  startup_stm32f10x_xl.o(.text)
    EXTI4_IRQHandler                         0x0800015f   Thumb Code     0  startup_stm32f10x_xl.o(.text)
    EXTI9_5_IRQHandler                       0x0800015f   Thumb Code     0  startup_stm32f10x_xl.o(.text)
    FLASH_IRQHandler                         0x0800015f   Thumb Code     0  startup_stm32f10x_xl.o(.text)
    FSMC_IRQHandler                          0x0800015f   Thumb Code     0  startup_stm32f10x_xl.o(.text)
    I2C1_ER_IRQHandler                       0x0800015f   Thumb Code     0  startup_stm32f10x_xl.o(.text)
    I2C1_EV_IRQHandler                       0x0800015f   Thumb Code     0  startup_stm32f10x_xl.o(.text)
    I2C2_ER_IRQHandler                       0x0800015f   Thumb Code     0  startup_stm32f10x_xl.o(.text)
    I2C2_EV_IRQHandler                       0x0800015f   Thumb Code     0  startup_stm32f10x_xl.o(.text)
    PVD_IRQHandler                           0x0800015f   Thumb Code     0  startup_stm32f10x_xl.o(.text)
    RCC_IRQHandler                           0x0800015f   Thumb Code     0  startup_stm32f10x_xl.o(.text)
    RTCAlarm_IRQHandler                      0x0800015f   Thumb Code     0  startup_stm32f10x_xl.o(.text)
    RTC_IRQHandler                           0x0800015f   Thumb Code     0  startup_stm32f10x_xl.o(.text)
    SDIO_IRQHandler                          0x0800015f   Thumb Code     0  startup_stm32f10x_xl.o(.text)
    SPI1_IRQHandler                          0x0800015f   Thumb Code     0  startup_stm32f10x_xl.o(.text)
    SPI2_IRQHandler                          0x0800015f   Thumb Code     0  startup_stm32f10x_xl.o(.text)
    SPI3_IRQHandler                          0x0800015f   Thumb Code     0  startup_stm32f10x_xl.o(.text)
    TAMPER_IRQHandler                        0x0800015f   Thumb Code     0  startup_stm32f10x_xl.o(.text)
    TIM1_BRK_TIM9_IRQHandler                 0x0800015f   Thumb Code     0  startup_stm32f10x_xl.o(.text)
    TIM1_CC_IRQHandler                       0x0800015f   Thumb Code     0  startup_stm32f10x_xl.o(.text)
    TIM1_TRG_COM_TIM11_IRQHandler            0x0800015f   Thumb Code     0  startup_stm32f10x_xl.o(.text)
    TIM1_UP_TIM10_IRQHandler                 0x0800015f   Thumb Code     0  startup_stm32f10x_xl.o(.text)
    TIM2_IRQHandler                          0x0800015f   Thumb Code     0  startup_stm32f10x_xl.o(.text)
    TIM3_IRQHandler                          0x0800015f   Thumb Code     0  startup_stm32f10x_xl.o(.text)
    TIM4_IRQHandler                          0x0800015f   Thumb Code     0  startup_stm32f10x_xl.o(.text)
    TIM5_IRQHandler                          0x0800015f   Thumb Code     0  startup_stm32f10x_xl.o(.text)
    TIM6_IRQHandler                          0x0800015f   Thumb Code     0  startup_stm32f10x_xl.o(.text)
    TIM7_IRQHandler                          0x0800015f   Thumb Code     0  startup_stm32f10x_xl.o(.text)
    TIM8_BRK_TIM12_IRQHandler                0x0800015f   Thumb Code     0  startup_stm32f10x_xl.o(.text)
    TIM8_CC_IRQHandler                       0x0800015f   Thumb Code     0  startup_stm32f10x_xl.o(.text)
    TIM8_TRG_COM_TIM14_IRQHandler            0x0800015f   Thumb Code     0  startup_stm32f10x_xl.o(.text)
    TIM8_UP_TIM13_IRQHandler                 0x0800015f   Thumb Code     0  startup_stm32f10x_xl.o(.text)
    UART4_IRQHandler                         0x0800015f   Thumb Code     0  startup_stm32f10x_xl.o(.text)
    UART5_IRQHandler                         0x0800015f   Thumb Code     0  startup_stm32f10x_xl.o(.text)
    USART1_IRQHandler                        0x0800015f   Thumb Code     0  startup_stm32f10x_xl.o(.text)
    USART2_IRQHandler                        0x0800015f   Thumb Code     0  startup_stm32f10x_xl.o(.text)
    USART3_IRQHandler                        0x0800015f   Thumb Code     0  startup_stm32f10x_xl.o(.text)
    USBWakeUp_IRQHandler                     0x0800015f   Thumb Code     0  startup_stm32f10x_xl.o(.text)
    USB_HP_CAN1_TX_IRQHandler                0x0800015f   Thumb Code     0  startup_stm32f10x_xl.o(.text)
    USB_LP_CAN1_RX0_IRQHandler               0x0800015f   Thumb Code     0  startup_stm32f10x_xl.o(.text)
    WWDG_IRQHandler                          0x0800015f   Thumb Code     0  startup_stm32f10x_xl.o(.text)
    __scatterload                            0x08000169   Thumb Code    28  init.o(.text)
    __scatterload_rt2                        0x08000169   Thumb Code     0  init.o(.text)
    BusFault_Handler                         0x0800018d   Thumb Code     2  stm32f10x_it.o(i.BusFault_Handler)
    DebugMon_Handler                         0x0800018f   Thumb Code     2  stm32f10x_it.o(i.DebugMon_Handler)
    Delay                                    0x08000191   Thumb Code    12  main.o(i.Delay)
    EXTI_Init                                0x080001a1   Thumb Code   110  stm32f10x_exti.o(i.EXTI_Init)
    FLASH_BootConfig                         0x08000215   Thumb Code    80  stm32f10x_flash.o(i.FLASH_BootConfig)
    FLASH_EraseOptionBytes                   0x08000275   Thumb Code   108  stm32f10x_flash.o(i.FLASH_EraseOptionBytes)
    FLASH_GetBank1Status                     0x080002f1   Thumb Code    34  stm32f10x_flash.o(i.FLASH_GetBank1Status)
    FLASH_GetBank2Status                     0x08000319   Thumb Code    34  stm32f10x_flash.o(i.FLASH_GetBank2Status)
    FLASH_GetReadOutProtectionStatus         0x08000341   Thumb Code    14  stm32f10x_flash.o(i.FLASH_GetReadOutProtectionStatus)
    FLASH_Lock                               0x08000355   Thumb Code    20  stm32f10x_flash.o(i.FLASH_Lock)
    FLASH_ProgramWord                        0x0800036d   Thumb Code   260  stm32f10x_flash.o(i.FLASH_ProgramWord)
    FLASH_Unlock                             0x08000479   Thumb Code    16  stm32f10x_flash.o(i.FLASH_Unlock)
    FLASH_WaitForLastBank1Operation          0x08000495   Thumb Code    36  stm32f10x_flash.o(i.FLASH_WaitForLastBank1Operation)
    FLASH_WaitForLastBank2Operation          0x080004b9   Thumb Code    36  stm32f10x_flash.o(i.FLASH_WaitForLastBank2Operation)
    FLASH_WaitForLastOperation               0x080004dd   Thumb Code    36  stm32f10x_flash.o(i.FLASH_WaitForLastOperation)
    FSMC_NORSRAMCmd                          0x08000501   Thumb Code    28  stm32f10x_fsmc.o(i.FSMC_NORSRAMCmd)
    FSMC_NORSRAMInit                         0x08000521   Thumb Code   188  stm32f10x_fsmc.o(i.FSMC_NORSRAMInit)
    GPIO_EXTILineConfig                      0x080005dd   Thumb Code    34  stm32f10x_gpio.o(i.GPIO_EXTILineConfig)
    GPIO_Init                                0x08000605   Thumb Code   158  stm32f10x_gpio.o(i.GPIO_Init)
    GPIO_ReadInputDataBit                    0x080006a3   Thumb Code    14  stm32f10x_gpio.o(i.GPIO_ReadInputDataBit)
    HardFault_Handler                        0x080006b1   Thumb Code     2  stm32f10x_it.o(i.HardFault_Handler)
    LCD_Clear                                0x080006b3   Thumb Code    38  stm3210e_eval_lcd.o(i.LCD_Clear)
    LCD_ClearLine                            0x080006d9   Thumb Code    44  stm3210e_eval_lcd.o(i.LCD_ClearLine)
    LCD_CtrlLinesConfig                      0x08000709   Thumb Code    96  stm3210e_eval_lcd.o(i.LCD_CtrlLinesConfig)
    LCD_DisplayChar                          0x08000779   Thumb Code    26  stm3210e_eval_lcd.o(i.LCD_DisplayChar)
    LCD_DisplayStringLine                    0x08000799   Thumb Code    70  stm3210e_eval_lcd.o(i.LCD_DisplayStringLine)
    LCD_DrawChar                             0x080007e5   Thumb Code   122  stm3210e_eval_lcd.o(i.LCD_DrawChar)
    LCD_FSMCConfig                           0x08000865   Thumb Code    80  stm3210e_eval_lcd.o(i.LCD_FSMCConfig)
    LCD_GetFont                              0x080008b5   Thumb Code     6  stm3210e_eval_lcd.o(i.LCD_GetFont)
    LCD_ReadReg                              0x080008c1   Thumb Code    10  stm3210e_eval_lcd.o(i.LCD_ReadReg)
    LCD_SetBackColor                         0x080008cd   Thumb Code     6  stm3210e_eval_lcd.o(i.LCD_SetBackColor)
    LCD_SetCursor                            0x080008d9   Thumb Code    18  stm3210e_eval_lcd.o(i.LCD_SetCursor)
    LCD_SetFont                              0x080008ed   Thumb Code     6  stm3210e_eval_lcd.o(i.LCD_SetFont)
    LCD_SetTextColor                         0x080008f9   Thumb Code     6  stm3210e_eval_lcd.o(i.LCD_SetTextColor)
    MemManage_Handler                        0x08000905   Thumb Code     2  stm32f10x_it.o(i.MemManage_Handler)
    NMI_Handler                              0x08000907   Thumb Code     2  stm32f10x_it.o(i.NMI_Handler)
    NVIC_Init                                0x08000909   Thumb Code    92  misc.o(i.NVIC_Init)
    NVIC_SetVectorTable                      0x08000965   Thumb Code    12  misc.o(i.NVIC_SetVectorTable)
    PendSV_Handler                           0x08000995   Thumb Code     2  stm32f10x_it.o(i.PendSV_Handler)
    RCC_AHBPeriphClockCmd                    0x08000999   Thumb Code    18  stm32f10x_rcc.o(i.RCC_AHBPeriphClockCmd)
    RCC_APB2PeriphClockCmd                   0x080009b1   Thumb Code    18  stm32f10x_rcc.o(i.RCC_APB2PeriphClockCmd)
    RCC_GetClocksFreq                        0x080009c9   Thumb Code   132  stm32f10x_rcc.o(i.RCC_GetClocksFreq)
    STM3210E_LCD_Init                        0x08000a5d   Thumb Code  1020  stm3210e_eval_lcd.o(i.STM3210E_LCD_Init)
    STM_EVAL_LEDInit                         0x08000e5d   Thumb Code    54  stm32_eval.o(i.STM_EVAL_LEDInit)
    STM_EVAL_LEDOn                           0x08000e9d   Thumb Code    16  stm32_eval.o(i.STM_EVAL_LEDOn)
    STM_EVAL_LEDToggle                       0x08000eb5   Thumb Code    20  stm32_eval.o(i.STM_EVAL_LEDToggle)
    STM_EVAL_PBGetState                      0x08000ed1   Thumb Code    16  stm32_eval.o(i.STM_EVAL_PBGetState)
    STM_EVAL_PBInit                          0x08000ee9   Thumb Code   154  stm32_eval.o(i.STM_EVAL_PBInit)
    SVC_Handler                              0x08000f8d   Thumb Code     2  stm32f10x_it.o(i.SVC_Handler)
    SysTick_Handler                          0x08001021   Thumb Code     4  stm32f10x_it.o(i.SysTick_Handler)
    SystemInit                               0x08001025   Thumb Code    52  system_stm32f10x.o(i.SystemInit)
    TimingDelay_Decrement                    0x08001065   Thumb Code    16  main.o(i.TimingDelay_Decrement)
    UsageFault_Handler                       0x08001079   Thumb Code     2  stm32f10x_it.o(i.UsageFault_Handler)
    __scatterload_copy                       0x0800107b   Thumb Code    14  handlers.o(i.__scatterload_copy)
    __scatterload_null                       0x08001089   Thumb Code     2  handlers.o(i.__scatterload_null)
    __scatterload_zeroinit                   0x0800108b   Thumb Code    14  handlers.o(i.__scatterload_zeroinit)
    main                                     0x080010ad   Thumb Code   606  main.o(i.main)
    COM_TX_PIN                               0x08001458   Data           4  stm32_eval.o(.constdata)
    COM_RX_PIN                               0x0800145c   Data           4  stm32_eval.o(.constdata)
    GPIO_PIN                                 0x08001460   Data           8  stm32_eval.o(.constdata)
    COM_USART_CLK                            0x08001468   Data           8  stm32_eval.o(.constdata)
    COM_TX_PORT_CLK                          0x08001470   Data           8  stm32_eval.o(.constdata)
    COM_RX_PORT_CLK                          0x08001478   Data           8  stm32_eval.o(.constdata)
    GPIO_CLK                                 0x08001480   Data          16  stm32_eval.o(.constdata)
    BUTTON_PIN                               0x08001490   Data          16  stm32_eval.o(.constdata)
    BUTTON_CLK                               0x080014a0   Data          32  stm32_eval.o(.constdata)
    BUTTON_EXTI_LINE                         0x080014c0   Data          16  stm32_eval.o(.constdata)
    BUTTON_PORT_SOURCE                       0x080014d0   Data          16  stm32_eval.o(.constdata)
    BUTTON_PIN_SOURCE                        0x080014e0   Data          16  stm32_eval.o(.constdata)
    BUTTON_IRQn                              0x080014f0   Data          16  stm32_eval.o(.constdata)
    ASCII16x24_Table                         0x08001500   Data        4560  stm3210e_eval_lcd.o(.constdata)
    ASCII12x12_Table                         0x080026d0   Data        2304  stm3210e_eval_lcd.o(.constdata)
    Region$$Table$$Base                      0x08002fd0   Number         0  anon$$obj.o(Region$$Table)
    Region$$Table$$Limit                     0x08002ff0   Number         0  anon$$obj.o(Region$$Table)
    COM_USART                                0x20000018   Data           8  stm32_eval.o(.data)
    COM_TX_PORT                              0x20000020   Data           8  stm32_eval.o(.data)
    COM_RX_PORT                              0x20000028   Data           8  stm32_eval.o(.data)
    GPIO_PORT                                0x20000030   Data          16  stm32_eval.o(.data)
    BUTTON_PORT                              0x20000040   Data          32  stm32_eval.o(.data)
    Font16x24                                0x20000068   Data           8  stm3210e_eval_lcd.o(.data)
    Font12x12                                0x20000070   Data           8  stm3210e_eval_lcd.o(.data)
    RCC_Clocks                               0x20000078   Data          20  main.o(.bss)
    __initial_sp                             0x20000490   Data           0  startup_stm32f10x_xl.o(STACK)



==============================================================================

Memory Map of the image

  Image Entry point : 0x08000131

  Load Region LR_IROM1 (Base: 0x08000000, Size: 0x00003068, Max: 0x00080000, ABSOLUTE)

    Execution Region ER_IROM1 (Base: 0x08000000, Size: 0x00002ff0, Max: 0x00080000, ABSOLUTE)

    Base Addr    Size         Type   Attr      Idx    E Section Name        Object

    0x08000000   0x00000130   Data   RO         2163    RESET               startup_stm32f10x_xl.o
    0x08000130   0x00000000   Code   RO         2169  * .ARM.Collect$$$$00000000  entry.o(mc_w.l)
    0x08000130   0x00000004   Code   RO         2180    .ARM.Collect$$$$00000001  entry2.o(mc_w.l)
    0x08000134   0x00000004   Code   RO         2183    .ARM.Collect$$$$00000004  entry5.o(mc_w.l)
    0x08000138   0x00000008   Code   RO         2184    .ARM.Collect$$$$00000007  entry7.o(mc_w.l)
    0x08000140   0x00000004   Code   RO         2181    .ARM.Collect$$$$00002712  entry2.o(mc_w.l)
    0x08000144   0x00000024   Code   RO         2164    .text               startup_stm32f10x_xl.o
    0x08000168   0x00000024   Code   RO         2188    .text               init.o(mc_w.l)
    0x0800018c   0x00000002   Code   RO            1    i.BusFault_Handler  stm32f10x_it.o
    0x0800018e   0x00000002   Code   RO            2    i.DebugMon_Handler  stm32f10x_it.o
    0x08000190   0x00000010   Code   RO          129    i.Delay             main.o
    0x080001a0   0x00000074   Code   RO          569    i.EXTI_Init         stm32f10x_exti.o
    0x08000214   0x00000060   Code   RO         1532    i.FLASH_BootConfig  stm32f10x_flash.o
    0x08000274   0x0000007c   Code   RO         1538    i.FLASH_EraseOptionBytes  stm32f10x_flash.o
    0x080002f0   0x00000028   Code   RO         1540    i.FLASH_GetBank1Status  stm32f10x_flash.o
    0x08000318   0x00000028   Code   RO         1541    i.FLASH_GetBank2Status  stm32f10x_flash.o
    0x08000340   0x00000014   Code   RO         1544    i.FLASH_GetReadOutProtectionStatus  stm32f10x_flash.o
    0x08000354   0x00000018   Code   RO         1550    i.FLASH_Lock        stm32f10x_flash.o
    0x0800036c   0x0000010c   Code   RO         1556    i.FLASH_ProgramWord  stm32f10x_flash.o
    0x08000478   0x0000001c   Code   RO         1559    i.FLASH_Unlock      stm32f10x_flash.o
    0x08000494   0x00000024   Code   RO         1563    i.FLASH_WaitForLastBank1Operation  stm32f10x_flash.o
    0x080004b8   0x00000024   Code   RO         1564    i.FLASH_WaitForLastBank2Operation  stm32f10x_flash.o
    0x080004dc   0x00000024   Code   RO         1565    i.FLASH_WaitForLastOperation  stm32f10x_flash.o
    0x08000500   0x00000020   Code   RO          778    i.FSMC_NORSRAMCmd   stm32f10x_fsmc.o
    0x08000520   0x000000bc   Code   RO          780    i.FSMC_NORSRAMInit  stm32f10x_fsmc.o
    0x080005dc   0x00000028   Code   RO          407    i.GPIO_EXTILineConfig  stm32f10x_gpio.o
    0x08000604   0x0000009e   Code   RO          410    i.GPIO_Init         stm32f10x_gpio.o
    0x080006a2   0x0000000e   Code   RO          414    i.GPIO_ReadInputDataBit  stm32f10x_gpio.o
    0x080006b0   0x00000002   Code   RO            3    i.HardFault_Handler  stm32f10x_it.o
    0x080006b2   0x00000026   Code   RO         1895    i.LCD_Clear         stm3210e_eval_lcd.o
    0x080006d8   0x00000030   Code   RO         1896    i.LCD_ClearLine     stm3210e_eval_lcd.o
    0x08000708   0x00000070   Code   RO         1899    i.LCD_CtrlLinesConfig  stm3210e_eval_lcd.o
    0x08000778   0x00000020   Code   RO         1901    i.LCD_DisplayChar   stm3210e_eval_lcd.o
    0x08000798   0x0000004c   Code   RO         1904    i.LCD_DisplayStringLine  stm3210e_eval_lcd.o
    0x080007e4   0x00000080   Code   RO         1905    i.LCD_DrawChar      stm3210e_eval_lcd.o
    0x08000864   0x00000050   Code   RO         1913    i.LCD_FSMCConfig    stm3210e_eval_lcd.o
    0x080008b4   0x0000000c   Code   RO         1916    i.LCD_GetFont       stm3210e_eval_lcd.o
    0x080008c0   0x0000000a   Code   RO         1922    i.LCD_ReadReg       stm3210e_eval_lcd.o
    0x080008ca   0x00000002   PAD
    0x080008cc   0x0000000c   Code   RO         1923    i.LCD_SetBackColor  stm3210e_eval_lcd.o
    0x080008d8   0x00000012   Code   RO         1925    i.LCD_SetCursor     stm3210e_eval_lcd.o
    0x080008ea   0x00000002   PAD
    0x080008ec   0x0000000c   Code   RO         1927    i.LCD_SetFont       stm3210e_eval_lcd.o
    0x080008f8   0x0000000c   Code   RO         1928    i.LCD_SetTextColor  stm3210e_eval_lcd.o
    0x08000904   0x00000002   Code   RO            4    i.MemManage_Handler  stm32f10x_it.o
    0x08000906   0x00000002   Code   RO            5    i.NMI_Handler       stm32f10x_it.o
    0x08000908   0x0000005c   Code   RO          524    i.NVIC_Init         misc.o
    0x08000964   0x00000014   Code   RO          526    i.NVIC_SetVectorTable  misc.o
    0x08000978   0x0000001c   Code   RO          130    i.NVIC_SystemReset  main.o
    0x08000994   0x00000002   Code   RO            6    i.PendSV_Handler    stm32f10x_it.o
    0x08000996   0x00000002   PAD
    0x08000998   0x00000018   Code   RO          168    i.RCC_AHBPeriphClockCmd  stm32f10x_rcc.o
    0x080009b0   0x00000018   Code   RO          171    i.RCC_APB2PeriphClockCmd  stm32f10x_rcc.o
    0x080009c8   0x00000094   Code   RO          179    i.RCC_GetClocksFreq  stm32f10x_rcc.o
    0x08000a5c   0x00000400   Code   RO         1935    i.STM3210E_LCD_Init  stm3210e_eval_lcd.o
    0x08000e5c   0x00000040   Code   RO         1785    i.STM_EVAL_LEDInit  stm32_eval.o
    0x08000e9c   0x00000018   Code   RO         1787    i.STM_EVAL_LEDOn    stm32_eval.o
    0x08000eb4   0x0000001c   Code   RO         1788    i.STM_EVAL_LEDToggle  stm32_eval.o
    0x08000ed0   0x00000018   Code   RO         1789    i.STM_EVAL_PBGetState  stm32_eval.o
    0x08000ee8   0x000000a4   Code   RO         1790    i.STM_EVAL_PBInit   stm32_eval.o
    0x08000f8c   0x00000002   Code   RO            7    i.SVC_Handler       stm32f10x_it.o
    0x08000f8e   0x00000002   PAD
    0x08000f90   0x00000090   Code   RO         1742    i.SetSysClockTo72   system_stm32f10x.o
    0x08001020   0x00000004   Code   RO            8    i.SysTick_Handler   stm32f10x_it.o
    0x08001024   0x00000040   Code   RO         1744    i.SystemInit        system_stm32f10x.o
    0x08001064   0x00000014   Code   RO          131    i.TimingDelay_Decrement  main.o
    0x08001078   0x00000002   Code   RO            9    i.UsageFault_Handler  stm32f10x_it.o
    0x0800107a   0x0000000e   Code   RO         2192    i.__scatterload_copy  handlers.o(mc_w.l)
    0x08001088   0x00000002   Code   RO         2193    i.__scatterload_null  handlers.o(mc_w.l)
    0x0800108a   0x0000000e   Code   RO         2194    i.__scatterload_zeroinit  handlers.o(mc_w.l)
    0x08001098   0x00000014   Code   RO         1936    i.delay             stm3210e_eval_lcd.o
    0x080010ac   0x000003ac   Code   RO          132    i.main              main.o
    0x08001458   0x000000a8   Data   RO         1793    .constdata          stm32_eval.o
    0x08001500   0x000011d0   Data   RO         1937    .constdata          stm3210e_eval_lcd.o
    0x080026d0   0x00000900   Data   RO         1938    .constdata          stm3210e_eval_lcd.o
    0x08002fd0   0x00000020   Data   RO         2190    Region$$Table       anon$$obj.o


    Execution Region RW_IRAM1 (Base: 0x20000000, Size: 0x00000490, Max: 0x00018000, ABSOLUTE)

    Base Addr    Size         Type   Attr      Idx    E Section Name        Object

    0x20000000   0x00000004   Data   RW          135    .data               main.o
    0x20000004   0x00000014   Data   RW          199    .data               stm32f10x_rcc.o
    0x20000018   0x00000048   Data   RW         1794    .data               stm32_eval.o
    0x20000060   0x00000010   Data   RW         1941    .data               stm3210e_eval_lcd.o
    0x20000070   0x00000008   Data   RW         1942    .data               stm3210e_eval_lcd.o
    0x20000078   0x00000014   Zero   RW          134    .bss                main.o
    0x2000008c   0x00000004   PAD
    0x20000090   0x00000400   Zero   RW         2161    STACK               startup_stm32f10x_xl.o


==============================================================================

Image component sizes


      Code (inc. data)   RO Data    RW Data    ZI Data      Debug   Object Name

      1004        350          0          4         20      20315   main.o
       112          8          0          0          0       3814   misc.o
        36          8        304          0       1024        684   startup_stm32f10x_xl.o
      1634         72       6864         24          0      17450   stm3210e_eval_lcd.o
       304         44        168         72          0       6381   stm32_eval.o
       116          6          0          0          0       3712   stm32f10x_exti.o
       748         74          0          0          0      17100   stm32f10x_flash.o
       220          4          0          0          0      10113   stm32f10x_fsmc.o
       212          6          0          0          0      12050   stm32f10x_gpio.o
        20          0          0          0          0     243046   stm32f10x_it.o
       196         28          0         20          0     217589   stm32f10x_rcc.o
       208         20          0          0          0       6165   system_stm32f10x.o

    ----------------------------------------------------------------------
      4818        620       7368        120       1048     558419   Object Totals
         0          0         32          0          0          0   (incl. Generated)
         8          0          0          0          4          1   (incl. Padding)

    ----------------------------------------------------------------------

      Code (inc. data)   RO Data    RW Data    ZI Data      Debug   Library Member Name

         0          0          0          0          0          0   entry.o
         8          4          0          0          0          0   entry2.o
         4          0          0          0          0          0   entry5.o
         8          4          0          0          0          0   entry7.o
        30          0          0          0          0          0   handlers.o
        36          8          0          0          0         68   init.o

    ----------------------------------------------------------------------
        86         16          0          0          0         68   Library Totals
         0          0          0          0          0          0   (incl. Padding)

    ----------------------------------------------------------------------

      Code (inc. data)   RO Data    RW Data    ZI Data      Debug   Library Name

        86         16          0          0          0         68   mc_w.l

    ----------------------------------------------------------------------
        86         16          0          0          0         68   Library Totals

    ----------------------------------------------------------------------

==============================================================================


      Code (inc. data)   RO Data    RW Data    ZI Data      Debug   

      4904        636       7368        120       1048     555888   Grand Totals
      4904        636       7368        120       1048     555888   ELF Image Totals
      4904        636       7368        120          0          0   ROM Totals

==============================================================================

    Total RO  Size (Code + RO Data)                12272 (  11.98kB)
    Total RW  Size (RW Data + ZI Data)              1168 (   1.14kB)
    Total ROM Size (Code + RO Data + RW Data)      12392 (  12.10kB)

==============================================================================

