<html>
<body>
<pre>
<h1>礦ision Build Log</h1>
<h2>Project:</h2>
D:\STM32107x光盘\STM32F107_CD\源码\MDK版本\01、LED流水灯\Project\1、LED流水灯\MDK-ARM\Project.uvproj
Project File Date:  02/20/2012

<h2>Output:</h2>
Rebuild target '神舟IV号'
compiling stm32f10x_it.c...
compiling main.c...
compiling stm32f10x_gpio.c...
compiling misc.c...
compiling stm32f10x_exti.c...
compiling stm32f10x_spi.c...
compiling stm32f10x_fsmc.c...
compiling stm32f10x_usart.c...
compiling stm32f10x_sdio.c...
compiling stm32f10x_dma.c...
compiling stm32f10x_i2c.c...
compiling stm32f10x_rcc.c...
assembling STM32F10x.s...
linking...
Program Size: Code=572 RO-data=252 RW-data=0 ZI-data=512  
FromELF: creating hex file...
".\神舟IV号\ARMJISHU_LED流水灯.axf" - 0 Error(s), 0 Warning(s).
